<html>
<body>
<pre>
<h1>µVision Build Log</h1>
<h2>Tool Versions:</h2>
IDE-Version: ¦ÌVision V5.28.0.0
Copyright (C) 2019 ARM Ltd and ARM Germany GmbH. All rights reserved.
License Information: xie xie, mmw, LIC=8VRJ7-EH0VK-UHB8H-WAVR3-ARN75-21XT9
 
Tool Versions:
Toolchain:       MDK-ARM Plus  Version: 5.28.0.0
Toolchain Path:  D:\Keil5Mdk\ARM\ARMCC\Bin
C Compiler:      Armcc.exe V5.06 update 6 (build 750)
Assembler:       Armasm.exe V5.06 update 6 (build 750)
Linker/Locator:  ArmLink.exe V5.06 update 6 (build 750)
Library Manager: ArmAr.exe V5.06 update 6 (build 750)
Hex Converter:   FromElf.exe V5.06 update 6 (build 750)
CPU DLL:         SARMCM3.DLL V5.28.0.0
Dialog DLL:      DCM.DLL V1.17.3.0
Target DLL:      Segger\JL2CM3.dll V2.99.36.0
Dialog DLL:      TCM.DLL V1.36.2.0
 
<h2>Project:</h2>
C:\E_Dev\Stm32Dev\STM32_MMW_LIGHT\MDK-ARM\STM32_MMW_LIGHT.uvprojx
Project File Date:  06/17/2025

<h2>Output:</h2>
*** Using Compiler 'V5.06 update 6 (build 750)', folder: 'D:\Keil5Mdk\ARM\ARMCC\Bin'
*** Warning: You are compiling one or more files of source type C++ and have selected 'use MicroLIB'. MicroLIB does not support C++!
  
Rebuild target 'STM32_MMW_LIGHT'
assembling startup_stm32f407xx.s...
compiling cpp_func.cpp...
../Core/Inc/cpp_func.h(9): warning:  #1-D: last line of file ends without a newline
  #endif
..\Core\Src\cpp_func.cpp(8): warning:  #1-D: last line of file ends without a newline
  }
..\Core\Src\cpp_func.cpp: 2 warnings, 0 errors
compiling stm32f4xx_hal_msp.c...
compiling stm32f4xx_hal_tim.c...
compiling stm32f4xx_hal_tim_ex.c...
compiling adc.c...
compiling stm32f4xx_hal_timebase_tim.c...
compiling stm32f4xx_ll_adc.c...
compiling freertos.c...
compiling stm32f4xx_it.c...
compiling gpio.c...
compiling usart.c...
compiling stm32f4xx_hal_flash.c...
compiling dht11.c...
../Core/Inc/dht11.h(26): warning:  #1-D: last line of file ends without a newline
  #endif /* __DHT11_H */ 
..\Core\Src\dht11.c(165): warning:  #1-D: last line of file ends without a newline
  } 
..\Core\Src\dht11.c: 2 warnings, 0 errors
compiling main.c...
../Core/Inc/dht11.h(26): warning:  #1-D: last line of file ends without a newline
  #endif /* __DHT11_H */ 
../Core/Src/main.c: 1 warning, 0 errors
compiling stm32f4xx_hal_adc.c...
compiling stm32f4xx_hal_rcc_ex.c...
compiling stm32f4xx_hal_rcc.c...
compiling stm32f4xx_hal_pwr.c...
compiling stm32f4xx_hal_adc_ex.c...
compiling stm32f4xx_hal_pwr_ex.c...
compiling croutine.c...
compiling event_groups.c...
compiling system_stm32f4xx.c...
compiling list.c...
compiling queue.c...
compiling stream_buffer.c...
compiling stm32f4xx_hal.c...
compiling stm32f4xx_hal_flash_ex.c...
compiling stm32f4xx_hal_dma.c...
compiling stm32f4xx_hal_gpio.c...
compiling stm32f4xx_hal_dma_ex.c...
compiling timers.c...
compiling stm32f4xx_hal_flash_ramfunc.c...
compiling heap_4.c...
compiling tasks.c...
compiling stm32f4xx_hal_cortex.c...
compiling cmsis_os.c...
compiling port.c...
compiling stm32f4xx_hal_exti.c...
compiling stm32f4xx_hal_uart.c...
linking...
Program Size: Code=18152 RO-data=488 RW-data=128 ZI-data=17440  
FromELF: creating hex file...
"STM32_MMW_LIGHT\STM32_MMW_LIGHT.axf" - 0 Error(s), 5 Warning(s).

<h2>Software Packages used:</h2>

Package Vendor: ARM
                http://www.keil.com/pack/ARM.CMSIS.5.5.1.pack
                ARM.CMSIS.5.5.1
                CMSIS (Cortex Microcontroller Software Interface Standard)
   * Component: CORE Version: 5.2.0

Package Vendor: Keil
                http://www.keil.com/pack/Keil.STM32F4xx_DFP.2.14.0.pack
                Keil.STM32F4xx_DFP.2.14.0
                STMicroelectronics STM32F4 Series Device Support, Drivers and Examples

<h2>Collection of Component include folders:</h2>
  .\RTE\_STM32_MMW_LIGHT
  D:\Keil5MdkPack\ARM\CMSIS\5.5.1\CMSIS\Core\Include
  D:\Keil5MdkPack\Keil\STM32F4xx_DFP\2.14.0\Drivers\CMSIS\Device\ST\STM32F4xx\Include

<h2>Collection of Component Files used:</h2>

   * Component: ARM::CMSIS:CORE:5.2.0
Build Time Elapsed:  00:00:21
</pre>
</body>
</html>
