Component: ARM Compiler 5.06 update 6 (build 750) Tool: armlink [4d35ed]

==============================================================================

Section Cross References

    startup_stm32f407xx.o(RESET) refers to startup_stm32f407xx.o(STACK) for __initial_sp
    startup_stm32f407xx.o(RESET) refers to startup_stm32f407xx.o(.text) for Reset_Handler
    startup_stm32f407xx.o(RESET) refers to stm32f4xx_it.o(i.NMI_Handler) for NMI_Handler
    startup_stm32f407xx.o(RESET) refers to stm32f4xx_it.o(i.HardFault_Handler) for HardFault_Handler
    startup_stm32f407xx.o(RESET) refers to stm32f4xx_it.o(i.MemManage_Handler) for MemManage_Handler
    startup_stm32f407xx.o(RESET) refers to stm32f4xx_it.o(i.BusFault_Handler) for BusFault_Handler
    startup_stm32f407xx.o(RESET) refers to stm32f4xx_it.o(i.UsageFault_Handler) for UsageFault_Handler
    startup_stm32f407xx.o(RESET) refers to port.o(.emb_text) for SVC_Handler
    startup_stm32f407xx.o(RESET) refers to stm32f4xx_it.o(i.DebugMon_Handler) for DebugMon_Handler
    startup_stm32f407xx.o(RESET) refers to port.o(i.SysTick_Handler) for SysTick_Handler
    startup_stm32f407xx.o(RESET) refers to stm32f4xx_it.o(i.TIM1_UP_TIM10_IRQHandler) for TIM1_UP_TIM10_IRQHandler
    startup_stm32f407xx.o(RESET) refers to stm32f4xx_it.o(i.TIM3_IRQHandler) for TIM3_IRQHandler
    startup_stm32f407xx.o(RESET) refers to stm32f4xx_it.o(i.USART1_IRQHandler) for USART1_IRQHandler
    startup_stm32f407xx.o(.text) refers to system_stm32f4xx.o(i.SystemInit) for SystemInit
    startup_stm32f407xx.o(.text) refers to entry.o(.ARM.Collect$$$$00000000) for __main
    cpp_func.o(i.cpp_function) refers to printfa.o(i.__0printf) for __2printf
    cpp_func.o(i.cpp_function) refers to cpp_func.o(.data) for count
    cpp_func.o(.ARM.exidx) refers to cpp_func.o(i.cpp_function) for i.cpp_function
    dht11.o(i.DHT11_DelayUs) refers to system_stm32f4xx.o(.data) for SystemCoreClock
    dht11.o(i.DHT11_ReadByte) refers to dht11.o(i.DHT11_DelayUs) for DHT11_DelayUs
    dht11.o(i.DHT11_ReadByte) refers to dht11.o(i.DHT11_ReadPin) for DHT11_ReadPin
    dht11.o(i.DHT11_ReadData) refers to dht11.o(i.DHT11_Start) for DHT11_Start
    dht11.o(i.DHT11_ReadData) refers to dht11.o(i.DHT11_ReadByte) for DHT11_ReadByte
    dht11.o(i.DHT11_ReadPin) refers to stm32f4xx_hal_gpio.o(i.HAL_GPIO_ReadPin) for HAL_GPIO_ReadPin
    dht11.o(i.DHT11_SetPin) refers to stm32f4xx_hal_gpio.o(i.HAL_GPIO_WritePin) for HAL_GPIO_WritePin
    dht11.o(i.DHT11_SetPinInput) refers to memseta.o(.text) for __aeabi_memclr4
    dht11.o(i.DHT11_SetPinInput) refers to stm32f4xx_hal_gpio.o(i.HAL_GPIO_Init) for HAL_GPIO_Init
    dht11.o(i.DHT11_SetPinOutput) refers to memseta.o(.text) for __aeabi_memclr4
    dht11.o(i.DHT11_SetPinOutput) refers to stm32f4xx_hal_gpio.o(i.HAL_GPIO_Init) for HAL_GPIO_Init
    dht11.o(i.DHT11_Start) refers to dht11.o(i.DHT11_SetPinOutput) for DHT11_SetPinOutput
    dht11.o(i.DHT11_Start) refers to dht11.o(i.DHT11_SetPin) for DHT11_SetPin
    dht11.o(i.DHT11_Start) refers to stm32f4xx_hal.o(i.HAL_Delay) for HAL_Delay
    dht11.o(i.DHT11_Start) refers to dht11.o(i.DHT11_DelayUs) for DHT11_DelayUs
    dht11.o(i.DHT11_Start) refers to dht11.o(i.DHT11_SetPinInput) for DHT11_SetPinInput
    dht11.o(i.DHT11_Start) refers to dht11.o(i.DHT11_ReadPin) for DHT11_ReadPin
    cst816.o(i.CST816_Config_AutoSleepTime) refers to cst816.o(i.CST816_IIC_WriteREG) for CST816_IIC_WriteREG
    cst816.o(i.CST816_Config_IrqPluseWidth) refers to cst816.o(i.CST816_IIC_WriteREG) for CST816_IIC_WriteREG
    cst816.o(i.CST816_Config_LpScanTH) refers to cst816.o(i.CST816_IIC_WriteREG) for CST816_IIC_WriteREG
    cst816.o(i.CST816_Config_MotionMask) refers to cst816.o(i.CST816_IIC_WriteREG) for CST816_IIC_WriteREG
    cst816.o(i.CST816_Config_MotionSlAngle) refers to cst816.o(i.CST816_IIC_WriteREG) for CST816_IIC_WriteREG
    cst816.o(i.CST816_Config_NorScanPer) refers to cst816.o(i.CST816_IIC_WriteREG) for CST816_IIC_WriteREG
    cst816.o(i.CST816_GPIO_Init) refers to memseta.o(.text) for __aeabi_memclr4
    cst816.o(i.CST816_GPIO_Init) refers to stm32f4xx_hal_gpio.o(i.HAL_GPIO_Init) for HAL_GPIO_Init
    cst816.o(i.CST816_GPIO_Init) refers to stm32f4xx_hal_gpio.o(i.HAL_GPIO_WritePin) for HAL_GPIO_WritePin
    cst816.o(i.CST816_GPIO_Init) refers to iic_hal_hard.o(i.IICInit) for IICInit
    cst816.o(i.CST816_GPIO_Init) refers to i2c.o(.bss) for hi2c1
    cst816.o(i.CST816_Get_ChipID) refers to cst816.o(i.CST816_IIC_ReadREG) for CST816_IIC_ReadREG
    cst816.o(i.CST816_Get_FingerNum) refers to cst816.o(i.CST816_IIC_ReadREG) for CST816_IIC_ReadREG
    cst816.o(i.CST816_Get_XY_AXIS) refers to iic_hal_hard.o(i.IIC_Read_Multi_Byte) for IIC_Read_Multi_Byte
    cst816.o(i.CST816_Get_XY_AXIS) refers to i2c.o(.bss) for hi2c1
    cst816.o(i.CST816_Get_XY_AXIS) refers to cst816.o(.data) for CST816_Instance
    cst816.o(i.CST816_IIC_ReadREG) refers to iic_hal_hard.o(i.IIC_Read_One_Byte) for IIC_Read_One_Byte
[...]
    i.TIM_TI1_ConfigInputStage               0x080046a8   Section        0  stm32f4xx_hal_tim.o(i.TIM_TI1_ConfigInputStage)
    TIM_TI1_ConfigInputStage                 0x080046a9   Thumb Code    38  stm32f4xx_hal_tim.o(i.TIM_TI1_ConfigInputStage)
    i.TIM_TI2_ConfigInputStage               0x080046ce   Section        0  stm32f4xx_hal_tim.o(i.TIM_TI2_ConfigInputStage)
    TIM_TI2_ConfigInputStage                 0x080046cf   Thumb Code    40  stm32f4xx_hal_tim.o(i.TIM_TI2_ConfigInputStage)
    i.UART_DMAAbortOnError                   0x080046f6   Section        0  stm32f4xx_hal_uart.o(i.UART_DMAAbortOnError)
    UART_DMAAbortOnError                     0x080046f7   Thumb Code    18  stm32f4xx_hal_uart.o(i.UART_DMAAbortOnError)
    i.UART_EndRxTransfer                     0x08004708   Section        0  stm32f4xx_hal_uart.o(i.UART_EndRxTransfer)
    UART_EndRxTransfer                       0x08004709   Thumb Code   108  stm32f4xx_hal_uart.o(i.UART_EndRxTransfer)
    i.UART_EndTransmit_IT                    0x08004774   Section        0  stm32f4xx_hal_uart.o(i.UART_EndTransmit_IT)
    UART_EndTransmit_IT                      0x08004775   Thumb Code    32  stm32f4xx_hal_uart.o(i.UART_EndTransmit_IT)
    i.UART_Receive_IT                        0x08004794   Section        0  stm32f4xx_hal_uart.o(i.UART_Receive_IT)
    UART_Receive_IT                          0x08004795   Thumb Code   252  stm32f4xx_hal_uart.o(i.UART_Receive_IT)
    i.UART_SetConfig                         0x08004890   Section        0  stm32f4xx_hal_uart.o(i.UART_SetConfig)
    UART_SetConfig                           0x08004891   Thumb Code   546  stm32f4xx_hal_uart.o(i.UART_SetConfig)
    i.UART_Transmit_IT                       0x08004abc   Section        0  stm32f4xx_hal_uart.o(i.UART_Transmit_IT)
    UART_Transmit_IT                         0x08004abd   Thumb Code    96  stm32f4xx_hal_uart.o(i.UART_Transmit_IT)
    i.UART_WaitOnFlagUntilTimeout            0x08004b1c   Section        0  stm32f4xx_hal_uart.o(i.UART_WaitOnFlagUntilTimeout)
    UART_WaitOnFlagUntilTimeout              0x08004b1d   Thumb Code   140  stm32f4xx_hal_uart.o(i.UART_WaitOnFlagUntilTimeout)
    i.USART1_IRQHandler                      0x08004ba8   Section        0  stm32f4xx_it.o(i.USART1_IRQHandler)
    i.UsageFault_Handler                     0x08004bb8   Section        0  stm32f4xx_it.o(i.UsageFault_Handler)
    i.__0printf                              0x08004bbc   Section        0  printfa.o(i.__0printf)
    i.__ARM_fpclassify                       0x08004bdc   Section        0  fpclassify.o(i.__ARM_fpclassify)
    i.__NVIC_GetPriorityGrouping             0x08004c0c   Section        0  stm32f4xx_hal_cortex.o(i.__NVIC_GetPriorityGrouping)
    __NVIC_GetPriorityGrouping               0x08004c0d   Thumb Code    10  stm32f4xx_hal_cortex.o(i.__NVIC_GetPriorityGrouping)
    i.__NVIC_SetPriority                     0x08004c1c   Section        0  stm32f4xx_hal_cortex.o(i.__NVIC_SetPriority)
    __NVIC_SetPriority                       0x08004c1d   Thumb Code    32  stm32f4xx_hal_cortex.o(i.__NVIC_SetPriority)
    i.__hardfp_sin                           0x08004c48   Section        0  sin.o(i.__hardfp_sin)
    i.__ieee754_rem_pio2                     0x08004d10   Section        0  rred.o(i.__ieee754_rem_pio2)
    i.__kernel_cos                           0x08005148   Section        0  cos_i.o(i.__kernel_cos)
    i.__kernel_poly                          0x080052b8   Section        0  poly.o(i.__kernel_poly)
    i.__kernel_sin                           0x080053b0   Section        0  sin_i.o(i.__kernel_sin)
    i.__mathlib_dbl_infnan                   0x080054e0   Section        0  dunder.o(i.__mathlib_dbl_infnan)
    i.__mathlib_dbl_invalid                  0x080054f8   Section        0  dunder.o(i.__mathlib_dbl_invalid)
    i.__mathlib_dbl_underflow                0x08005518   Section        0  dunder.o(i.__mathlib_dbl_underflow)
    i.__scatterload_copy                     0x08005538   Section       14  handlers.o(i.__scatterload_copy)
    i.__scatterload_null                     0x08005546   Section        2  handlers.o(i.__scatterload_null)
    i.__scatterload_zeroinit                 0x08005548   Section       14  handlers.o(i.__scatterload_zeroinit)
    i.__set_errno                            0x08005558   Section        0  errno.o(i.__set_errno)
    i._fp_digits                             0x08005564   Section        0  printfa.o(i._fp_digits)
    _fp_digits                               0x08005565   Thumb Code   366  printfa.o(i._fp_digits)
    i._printf_core                           0x080056e8   Section        0  printfa.o(i._printf_core)
    _printf_core                             0x080056e9   Thumb Code  1744  printfa.o(i._printf_core)
    i._printf_post_padding                   0x08005dc4   Section        0  printfa.o(i._printf_post_padding)
    _printf_post_padding                     0x08005dc5   Thumb Code    36  printfa.o(i._printf_post_padding)
    i._printf_pre_padding                    0x08005de8   Section        0  printfa.o(i._printf_pre_padding)
    _printf_pre_padding                      0x08005de9   Thumb Code    46  printfa.o(i._printf_pre_padding)
    i.delay_ms                               0x08005e16   Section        0  delay.o(i.delay_ms)
    i.fabs                                   0x08005e22   Section        0  fabs.o(i.fabs)
    i.fputc                                  0x08005e3c   Section        0  main.o(i.fputc)
    i.inHandlerMode                          0x08005e58   Section        0  cmsis_os.o(i.inHandlerMode)
    inHandlerMode                            0x08005e59   Thumb Code    16  cmsis_os.o(i.inHandlerMode)
    i.main                                   0x08005e68   Section        0  main.o(i.main)
    i.makeFreeRtosPriority                   0x0800618c   Section        0  cmsis_os.o(i.makeFreeRtosPriority)
    makeFreeRtosPriority                     0x0800618d   Thumb Code    14  cmsis_os.o(i.makeFreeRtosPriority)
    i.osDelay                                0x0800619a   Section        0  cmsis_os.o(i.osDelay)
    i.osKernelStart                          0x080061b2   Section        0  cmsis_os.o(i.osKernelStart)
    i.osKernelSysTick                        0x080061bc   Section        0  cmsis_os.o(i.osKernelSysTick)
    i.osThreadCreate                         0x080061d0   Section        0  cmsis_os.o(i.osThreadCreate)
    i.prvAddCurrentTaskToDelayedList         0x08006230   Section        0  tasks.o(i.prvAddCurrentTaskToDelayedList)
    prvAddCurrentTaskToDelayedList           0x08006231   Thumb Code   124  tasks.o(i.prvAddCurrentTaskToDelayedList)
    i.prvAddNewTaskToReadyList               0x080062c8   Section        0  tasks.o(i.prvAddNewTaskToReadyList)
    prvAddNewTaskToReadyList                 0x080062c9   Thumb Code   150  tasks.o(i.prvAddNewTaskToReadyList)
    i.prvCheckTasksWaitingTermination        0x0800637c   Section        0  tasks.o(i.prvCheckTasksWaitingTermination)
    prvCheckTasksWaitingTermination          0x0800637d   Thumb Code    60  tasks.o(i.prvCheckTasksWaitingTermination)
    i.prvDeleteTCB                           0x080063c4   Section        0  tasks.o(i.prvDeleteTCB)
    prvDeleteTCB                             0x080063c5   Thumb Code    80  tasks.o(i.prvDeleteTCB)
    i.prvHeapInit                            0x08006414   Section        0  heap_4.o(i.prvHeapInit)
    prvHeapInit                              0x08006415   Thumb Code    98  heap_4.o(i.prvHeapInit)
    i.prvIdleTask                            0x08006490   Section        0  tasks.o(i.prvIdleTask)
    prvIdleTask                              0x08006491   Thumb Code    32  tasks.o(i.prvIdleTask)
    i.prvInitialiseNewTask                   0x080064b8   Section        0  tasks.o(i.prvInitialiseNewTask)
    prvInitialiseNewTask                     0x080064b9   Thumb Code   180  tasks.o(i.prvInitialiseNewTask)
    i.prvInitialiseTaskLists                 0x0800656c   Section        0  tasks.o(i.prvInitialiseTaskLists)
    prvInitialiseTaskLists                   0x0800656d   Thumb Code    70  tasks.o(i.prvInitialiseTaskLists)
    i.prvInsertBlockIntoFreeList             0x080065d4   Section        0  heap_4.o(i.prvInsertBlockIntoFreeList)
    prvInsertBlockIntoFreeList               0x080065d5   Thumb Code    96  heap_4.o(i.prvInsertBlockIntoFreeList)
    i.prvResetNextTaskUnblockTime            0x0800663c   Section        0  tasks.o(i.prvResetNextTaskUnblockTime)
    prvResetNextTaskUnblockTime              0x0800663d   Thumb Code    42  tasks.o(i.prvResetNextTaskUnblockTime)
    i.prvTaskExitError                       0x08006670   Section        0  port.o(i.prvTaskExitError)
    prvTaskExitError                         0x08006671   Thumb Code    60  port.o(i.prvTaskExitError)
    i.pvPortMalloc                           0x080066b0   Section        0  heap_4.o(i.pvPortMalloc)
    i.pxPortInitialiseStack                  0x080067fc   Section        0  port.o(i.pxPortInitialiseStack)
    i.uxListRemove                           0x08006828   Section        0  list.o(i.uxListRemove)
    i.vApplicationGetIdleTaskMemory          0x08006850   Section        0  freertos.o(i.vApplicationGetIdleTaskMemory)
    i.vListInitialise                        0x08006868   Section        0  list.o(i.vListInitialise)
    i.vListInitialiseItem                    0x08006882   Section        0  list.o(i.vListInitialiseItem)
    i.vListInsert                            0x08006888   Section        0  list.o(i.vListInsert)
    i.vListInsertEnd                         0x080068bc   Section        0  list.o(i.vListInsertEnd)
    i.vPortEnterCritical                     0x080068d4   Section        0  port.o(i.vPortEnterCritical)
    i.vPortExitCritical                      0x08006928   Section        0  port.o(i.vPortExitCritical)
    i.vPortFree                              0x08006964   Section        0  heap_4.o(i.vPortFree)
    i.vPortSetupTimerInterrupt               0x08006a08   Section        0  port.o(i.vPortSetupTimerInterrupt)
    i.vPortValidateInterruptPriority         0x08006a30   Section        0  port.o(i.vPortValidateInterruptPriority)
    i.vTaskDelay                             0x08006aa8   Section        0  tasks.o(i.vTaskDelay)
    i.vTaskStartScheduler                    0x08006b04   Section        0  tasks.o(i.vTaskStartScheduler)
    i.vTaskSuspendAll                        0x08006bb4   Section        0  tasks.o(i.vTaskSuspendAll)
    i.vTaskSwitchContext                     0x08006bc4   Section        0  tasks.o(i.vTaskSwitchContext)
    i.xPortStartScheduler                    0x08006c50   Section        0  port.o(i.xPortStartScheduler)
    i.xTaskCreate                            0x08006db8   Section        0  tasks.o(i.xTaskCreate)
    i.xTaskCreateStatic                      0x08006e1c   Section        0  tasks.o(i.xTaskCreateStatic)
    i.xTaskGetTickCount                      0x08006ed8   Section        0  tasks.o(i.xTaskGetTickCount)
    i.xTaskGetTickCountFromISR               0x08006ee4   Section        0  tasks.o(i.xTaskGetTickCountFromISR)
    i.xTaskIncrementTick                     0x08006ef8   Section        0  tasks.o(i.xTaskIncrementTick)
    i.xTaskResumeAll                         0x08007040   Section        0  tasks.o(i.xTaskResumeAll)
    .constdata                               0x08007144   Section       24  rgb_led.o(.constdata)
    .constdata                               0x0800715c   Section      120  freertos.o(.constdata)
    .constdata                               0x080071d4   Section       24  system_stm32f4xx.o(.constdata)
    .constdata                               0x080071f0   Section       48  cos_i.o(.constdata)
    C                                        0x080071f0   Data          48  cos_i.o(.constdata)
    .constdata                               0x08007220   Section      200  rred.o(.constdata)
    pio2s                                    0x08007220   Data          48  rred.o(.constdata)
    twooverpi                                0x08007250   Data         152  rred.o(.constdata)
    .constdata                               0x080072e8   Section       40  sin_i.o(.constdata)
    S                                        0x080072e8   Data          40  sin_i.o(.constdata)
    .conststring                             0x08007310   Section       93  rgb_led.o(.conststring)
    .conststring                             0x08007370   Section      124  freertos.o(.conststring)
    .data                                    0x20000000   Section       12  rgb_led.o(.data)
    pwm_counter                              0x20000000   Data           4  rgb_led.o(.data)
    effect_counter                           0x20000004   Data           4  rgb_led.o(.data)
    debug_count                              0x20000008   Data           4  rgb_led.o(.data)
    .data                                    0x2000000c   Section       12  freertos.o(.data)
    .data                                    0x20000018   Section        9  stm32f4xx_hal.o(.data)
    .data                                    0x20000024   Section        4  system_stm32f4xx.o(.data)
    .data                                    0x20000028   Section       60  tasks.o(.data)
    pxDelayedTaskList                        0x2000002c   Data           4  tasks.o(.data)
    pxOverflowDelayedTaskList                0x20000030   Data           4  tasks.o(.data)
    uxDeletedTasksWaitingCleanUp             0x20000034   Data           4  tasks.o(.data)
    uxCurrentNumberOfTasks                   0x20000038   Data           4  tasks.o(.data)
    xTickCount                               0x2000003c   Data           4  tasks.o(.data)
    uxTopReadyPriority                       0x20000040   Data           4  tasks.o(.data)
    xSchedulerRunning                        0x20000044   Data           4  tasks.o(.data)
    xPendedTicks                             0x20000048   Data           4  tasks.o(.data)
    xYieldPending                            0x2000004c   Data           4  tasks.o(.data)
    xNumOfOverflows                          0x20000050   Data           4  tasks.o(.data)
    uxTaskNumber                             0x20000054   Data           4  tasks.o(.data)
    xNextTaskUnblockTime                     0x20000058   Data           4  tasks.o(.data)
    xIdleTaskHandle                          0x2000005c   Data           4  tasks.o(.data)
    uxSchedulerSuspended                     0x20000060   Data           4  tasks.o(.data)
    .data                                    0x20000064   Section       32  heap_4.o(.data)
    xStart                                   0x20000064   Data           8  heap_4.o(.data)
    pxEnd                                    0x2000006c   Data           4  heap_4.o(.data)
    xFreeBytesRemaining                      0x20000070   Data           4  heap_4.o(.data)
    xMinimumEverFreeBytesRemaining           0x20000074   Data           4  heap_4.o(.data)
    xNumberOfSuccessfulAllocations           0x20000078   Data           4  heap_4.o(.data)
    xNumberOfSuccessfulFrees                 0x2000007c   Data           4  heap_4.o(.data)
    xBlockAllocatedBit                       0x20000080   Data           4  heap_4.o(.data)
    .data                                    0x20000084   Section       12  port.o(.data)
    uxCriticalNesting                        0x20000084   Data           4  port.o(.data)
    ucMaxSysCallPriority                     0x20000088   Data           1  port.o(.data)
    ulMaxPRIGROUPValue                       0x2000008c   Data           4  port.o(.data)
    .data                                    0x20000090   Section        4  stdout.o(.data)
    .data                                    0x20000094   Section        4  errno.o(.data)
    _errno                                   0x20000094   Data           4  errno.o(.data)
    .bss                                     0x20000098   Section       16  rgb_led.o(.bss)
    rgb_led                                  0x20000098   Data          16  rgb_led.o(.bss)
    .bss                                     0x200000a8   Section      596  freertos.o(.bss)
    xIdleTaskTCBBuffer                       0x200000a8   Data          84  freertos.o(.bss)
    xIdleStack                               0x200000fc   Data         512  freertos.o(.bss)
    .bss                                     0x200002fc   Section       72  adc.o(.bss)
    .bss                                     0x20000344   Section       84  i2c.o(.bss)
    .bss                                     0x20000398   Section       88  spi.o(.bss)
    .bss                                     0x200003f0   Section      144  tim.o(.bss)
    .bss                                     0x20000480   Section       72  usart.o(.bss)
    .bss                                     0x200004c8   Section       72  stm32f4xx_hal_timebase_tim.o(.bss)
    .bss                                     0x20000510   Section      240  tasks.o(.bss)
    pxReadyTasksLists                        0x20000510   Data         140  tasks.o(.bss)
    xDelayedTaskList1                        0x2000059c   Data          20  tasks.o(.bss)
    xDelayedTaskList2                        0x200005b0   Data          20  tasks.o(.bss)
    xPendingReadyList                        0x200005c4   Data          20  tasks.o(.bss)
    xTasksWaitingTermination                 0x200005d8   Data          20  tasks.o(.bss)
    xSuspendedTaskList                       0x200005ec   Data          20  tasks.o(.bss)
    .bss                                     0x20000600   Section    15360  heap_4.o(.bss)
    ucHeap                                   0x20000600   Data       15360  heap_4.o(.bss)
    STACK                                    0x20004200   Section     1024  startup_stm32f407xx.o(STACK)

    Global Symbols

    Symbol Name                              Value     Ov Type        Size  Object(Section)

    BuildAttributes$$THM_ISAv4$E$P$D$K$B$S$7EM$VFPi3$EXTD16$VFPS$VFMA$PE$A:L22UL41UL21$X:L11$S22US41US21$IEEE1$IW$USESV6$~STKCKD$USESV7$~SHL$OTIME$ROPI$IEEEX$EBA8$MICROLIB$REQ8$PRES8$EABIv2 0x00000000   Number         0  anon$$obj.o ABSOLUTE
    __ARM_use_no_argv                        0x00000000   Number         0  main.o ABSOLUTE
    _printf_a                                0x00000000   Number         0  stubs.o ABSOLUTE
    _printf_c                                0x00000000   Number         0  stubs.o ABSOLUTE
    _printf_charcount                        0x00000000   Number         0  stubs.o ABSOLUTE
    _printf_d                                0x00000000   Number         0  stubs.o ABSOLUTE
    _printf_e                                0x00000000   Number         0  stubs.o ABSOLUTE
    _printf_f                                0x00000000   Number         0  stubs.o ABSOLUTE
    _printf_flags                            0x00000000   Number         0  stubs.o ABSOLUTE
    _printf_fp_dec                           0x00000000   Number         0  stubs.o ABSOLUTE
    _printf_fp_hex                           0x00000000   Number         0  stubs.o ABSOLUTE
    _printf_g                                0x00000000   Number         0  stubs.o ABSOLUTE
    _printf_i                                0x00000000   Number         0  stubs.o ABSOLUTE
    _printf_int_dec                          0x00000000   Number         0  stubs.o ABSOLUTE
    _printf_l                                0x00000000   Number         0  stubs.o ABSOLUTE
    _printf_lc                               0x00000000   Number         0  stubs.o ABSOLUTE
    _printf_ll                               0x00000000   Number         0  stubs.o ABSOLUTE
    _printf_lld                              0x00000000   Number         0  stubs.o ABSOLUTE
    _printf_lli                              0x00000000   Number         0  stubs.o ABSOLUTE
    _printf_llo                              0x00000000   Number         0  stubs.o ABSOLUTE
    _printf_llu                              0x00000000   Number         0  stubs.o ABSOLUTE
    _printf_llx                              0x00000000   Number         0  stubs.o ABSOLUTE
    _printf_longlong_dec                     0x00000000   Number         0  stubs.o ABSOLUTE
    _printf_longlong_hex                     0x00000000   Number         0  stubs.o ABSOLUTE
    _printf_longlong_oct                     0x00000000   Number         0  stubs.o ABSOLUTE
    _printf_ls                               0x00000000   Number         0  stubs.o ABSOLUTE
    _printf_mbtowc                           0x00000000   Number         0  stubs.o ABSOLUTE
    _printf_n                                0x00000000   Number         0  stubs.o ABSOLUTE
    _printf_o                                0x00000000   Number         0  stubs.o ABSOLUTE
    _printf_p                                0x00000000   Number         0  stubs.o ABSOLUTE
    _printf_percent                          0x00000000   Number         0  stubs.o ABSOLUTE
    _printf_pre_padding                      0x00000000   Number         0  stubs.o ABSOLUTE
    _printf_return_value                     0x00000000   Number         0  stubs.o ABSOLUTE
    _printf_s                                0x00000000   Number         0  stubs.o ABSOLUTE
    _printf_sizespec                         0x00000000   Number         0  stubs.o ABSOLUTE
    _printf_str                              0x00000000   Number         0  stubs.o ABSOLUTE
    _printf_truncate_signed                  0x00000000   Number         0  stubs.o ABSOLUTE
    _printf_truncate_unsigned                0x00000000   Number         0  stubs.o ABSOLUTE
    _printf_u                                0x00000000   Number         0  stubs.o ABSOLUTE
    _printf_wc                               0x00000000   Number         0  stubs.o ABSOLUTE
    _printf_wctomb                           0x00000000   Number         0  stubs.o ABSOLUTE
    _printf_widthprec                        0x00000000   Number         0  stubs.o ABSOLUTE
    _printf_x                                0x00000000   Number         0  stubs.o ABSOLUTE
    __cpp_initialize__aeabi_                  - Undefined Weak Reference
    __cxa_finalize                            - Undefined Weak Reference
    __decompress                              - Undefined Weak Reference
    _clock_init                               - Undefined Weak Reference
    _microlib_exit                            - Undefined Weak Reference
    __Vectors_Size                           0x00000188   Number         0  startup_stm32f407xx.o ABSOLUTE
    __Vectors                                0x08000000   Data           4  startup_stm32f407xx.o(RESET)
    __Vectors_End                            0x08000188   Data           0  startup_stm32f407xx.o(RESET)
    __main                                   0x08000189   Thumb Code     0  entry.o(.ARM.Collect$$$$00000000)
    _main_stk                                0x08000189   Thumb Code     0  entry2.o(.ARM.Collect$$$$00000001)
    _main_scatterload                        0x0800018d   Thumb Code     0  entry5.o(.ARM.Collect$$$$00000004)
    __main_after_scatterload                 0x08000191   Thumb Code     0  entry5.o(.ARM.Collect$$$$00000004)
    _main_clock                              0x08000191   Thumb Code     0  entry7b.o(.ARM.Collect$$$$00000008)
    _main_cpp_init                           0x08000191   Thumb Code     0  entry8b.o(.ARM.Collect$$$$0000000A)
    _main_init                               0x08000191   Thumb Code     0  entry9a.o(.ARM.Collect$$$$0000000B)
    __rt_final_cpp                           0x08000199   Thumb Code     0  entry10a.o(.ARM.Collect$$$$0000000D)
    __rt_final_exit                          0x08000199   Thumb Code     0  entry11a.o(.ARM.Collect$$$$0000000F)
    SVC_Handler                              0x0800019d   Thumb Code    28  port.o(.emb_text)
    __asm___6_port_c_39a90d8d__prvStartFirstTask 0x080001bd   Thumb Code    36  port.o(.emb_text)
    __asm___6_port_c_39a90d8d__prvEnableVFP  0x080001e5   Thumb Code    16  port.o(.emb_text)
    PendSV_Handler                           0x080001f9   Thumb Code    88  port.o(.emb_text)
    vPortGetIPSR                             0x08000255   Thumb Code     6  port.o(.emb_text)
    Reset_Handler                            0x0800025d   Thumb Code     8  startup_stm32f407xx.o(.text)
    ADC_IRQHandler                           0x08000277   Thumb Code     0  startup_stm32f407xx.o(.text)
    CAN1_RX0_IRQHandler                      0x08000277   Thumb Code     0  startup_stm32f407xx.o(.text)
    CAN1_RX1_IRQHandler                      0x08000277   Thumb Code     0  startup_stm32f407xx.o(.text)
    CAN1_SCE_IRQHandler                      0x08000277   Thumb Code     0  startup_stm32f407xx.o(.text)
    CAN1_TX_IRQHandler                       0x08000277   Thumb Code     0  startup_stm32f407xx.o(.text)
    CAN2_RX0_IRQHandler                      0x08000277   Thumb Code     0  startup_stm32f407xx.o(.text)
    CAN2_RX1_IRQHandler                      0x08000277   Thumb Code     0  startup_stm32f407xx.o(.text)
    CAN2_SCE_IRQHandler                      0x08000277   Thumb Code     0  startup_stm32f407xx.o(.text)
    CAN2_TX_IRQHandler                       0x08000277   Thumb Code     0  startup_stm32f407xx.o(.text)
    DCMI_IRQHandler                          0x08000277   Thumb Code     0  startup_stm32f407xx.o(.text)
    DMA1_Stream0_IRQHandler                  0x08000277   Thumb Code     0  startup_stm32f407xx.o(.text)
    DMA1_Stream1_IRQHandler                  0x08000277   Thumb Code     0  startup_stm32f407xx.o(.text)
    DMA1_Stream2_IRQHandler                  0x08000277   Thumb Code     0  startup_stm32f407xx.o(.text)
    DMA1_Stream3_IRQHandler                  0x08000277   Thumb Code     0  startup_stm32f407xx.o(.text)
    DMA1_Stream4_IRQHandler                  0x08000277   Thumb Code     0  startup_stm32f407xx.o(.text)
    DMA1_Stream5_IRQHandler                  0x08000277   Thumb Code     0  startup_stm32f407xx.o(.text)
    DMA1_Stream6_IRQHandler                  0x08000277   Thumb Code     0  startup_stm32f407xx.o(.text)
    DMA1_Stream7_IRQHandler                  0x08000277   Thumb Code     0  startup_stm32f407xx.o(.text)
    DMA2_Stream0_IRQHandler                  0x08000277   Thumb Code     0  startup_stm32f407xx.o(.text)
    DMA2_Stream1_IRQHandler                  0x08000277   Thumb Code     0  startup_stm32f407xx.o(.text)
    DMA2_Stream2_IRQHandler                  0x08000277   Thumb Code     0  startup_stm32f407xx.o(.text)
    DMA2_Stream3_IRQHandler                  0x08000277   Thumb Code     0  startup_stm32f407xx.o(.text)
    DMA2_Stream4_IRQHandler                  0x08000277   Thumb Code     0  startup_stm32f407xx.o(.text)
    DMA2_Stream5_IRQHandler                  0x08000277   Thumb Code     0  startup_stm32f407xx.o(.text)
    DMA2_Stream6_IRQHandler                  0x08000277   Thumb Code     0  startup_stm32f407xx.o(.text)
    DMA2_Stream7_IRQHandler                  0x08000277   Thumb Code     0  startup_stm32f407xx.o(.text)
    ETH_IRQHandler                           0x08000277   Thumb Code     0  startup_stm32f407xx.o(.text)
    ETH_WKUP_IRQHandler                      0x08000277   Thumb Code     0  startup_stm32f407xx.o(.text)
    EXTI0_IRQHandler                         0x08000277   Thumb Code     0  startup_stm32f407xx.o(.text)
    EXTI15_10_IRQHandler                     0x08000277   Thumb Code     0  startup_stm32f407xx.o(.text)
    EXTI1_IRQHandler                         0x08000277   Thumb Code     0  startup_stm32f407xx.o(.text)
    EXTI2_IRQHandler                         0x08000277   Thumb Code     0  startup_stm32f407xx.o(.text)
    EXTI3_IRQHandler                         0x08000277   Thumb Code     0  startup_stm32f407xx.o(.text)
    EXTI4_IRQHandler                         0x08000277   Thumb Code     0  startup_stm32f407xx.o(.text)
    EXTI9_5_IRQHandler                       0x08000277   Thumb Code     0  startup_stm32f407xx.o(.text)
    FLASH_IRQHandler                         0x08000277   Thumb Code     0  startup_stm32f407xx.o(.text)
    FMC_IRQHandler                           0x08000277   Thumb Code     0  startup_stm32f407xx.o(.text)
    FPU_IRQHandler                           0x08000277   Thumb Code     0  startup_stm32f407xx.o(.text)
    HASH_RNG_IRQHandler                      0x08000277   Thumb Code     0  startup_stm32f407xx.o(.text)
    I2C1_ER_IRQHandler                       0x08000277   Thumb Code     0  startup_stm32f407xx.o(.text)
    I2C1_EV_IRQHandler                       0x08000277   Thumb Code     0  startup_stm32f407xx.o(.text)
    I2C2_ER_IRQHandler                       0x08000277   Thumb Code     0  startup_stm32f407xx.o(.text)
    I2C2_EV_IRQHandler                       0x08000277   Thumb Code     0  startup_stm32f407xx.o(.text)
    I2C3_ER_IRQHandler                       0x08000277   Thumb Code     0  startup_stm32f407xx.o(.text)
    I2C3_EV_IRQHandler                       0x08000277   Thumb Code     0  startup_stm32f407xx.o(.text)
    OTG_FS_IRQHandler                        0x08000277   Thumb Code     0  startup_stm32f407xx.o(.text)
    OTG_FS_WKUP_IRQHandler                   0x08000277   Thumb Code     0  startup_stm32f407xx.o(.text)
    OTG_HS_EP1_IN_IRQHandler                 0x08000277   Thumb Code     0  startup_stm32f407xx.o(.text)
    OTG_HS_EP1_OUT_IRQHandler                0x08000277   Thumb Code     0  startup_stm32f407xx.o(.text)
    OTG_HS_IRQHandler                        0x08000277   Thumb Code     0  startup_stm32f407xx.o(.text)
    OTG_HS_WKUP_IRQHandler                   0x08000277   Thumb Code     0  startup_stm32f407xx.o(.text)
    PVD_IRQHandler                           0x08000277   Thumb Code     0  startup_stm32f407xx.o(.text)
    RCC_IRQHandler                           0x08000277   Thumb Code     0  startup_stm32f407xx.o(.text)
    RTC_Alarm_IRQHandler                     0x08000277   Thumb Code     0  startup_stm32f407xx.o(.text)
    RTC_WKUP_IRQHandler                      0x08000277   Thumb Code     0  startup_stm32f407xx.o(.text)
    SDIO_IRQHandler                          0x08000277   Thumb Code     0  startup_stm32f407xx.o(.text)
    SPI1_IRQHandler                          0x08000277   Thumb Code     0  startup_stm32f407xx.o(.text)
    SPI2_IRQHandler                          0x08000277   Thumb Code     0  startup_stm32f407xx.o(.text)
    SPI3_IRQHandler                          0x08000277   Thumb Code     0  startup_stm32f407xx.o(.text)
    TAMP_STAMP_IRQHandler                    0x08000277   Thumb Code     0  startup_stm32f407xx.o(.text)
    TIM1_BRK_TIM9_IRQHandler                 0x08000277   Thumb Code     0  startup_stm32f407xx.o(.text)
    TIM1_CC_IRQHandler                       0x08000277   Thumb Code     0  startup_stm32f407xx.o(.text)
    TIM1_TRG_COM_TIM11_IRQHandler            0x08000277   Thumb Code     0  startup_stm32f407xx.o(.text)
    TIM2_IRQHandler                          0x08000277   Thumb Code     0  startup_stm32f407xx.o(.text)
    TIM4_IRQHandler                          0x08000277   Thumb Code     0  startup_stm32f407xx.o(.text)
    TIM5_IRQHandler                          0x08000277   Thumb Code     0  startup_stm32f407xx.o(.text)
    TIM6_DAC_IRQHandler                      0x08000277   Thumb Code     0  startup_stm32f407xx.o(.text)
    TIM7_IRQHandler                          0x08000277   Thumb Code     0  startup_stm32f407xx.o(.text)
    TIM8_BRK_TIM12_IRQHandler                0x08000277   Thumb Code     0  startup_stm32f407xx.o(.text)
    TIM8_CC_IRQHandler                       0x08000277   Thumb Code     0  startup_stm32f407xx.o(.text)
    TIM8_TRG_COM_TIM14_IRQHandler            0x08000277   Thumb Code     0  startup_stm32f407xx.o(.text)
    TIM8_UP_TIM13_IRQHandler                 0x08000277   Thumb Code     0  startup_stm32f407xx.o(.text)
    UART4_IRQHandler                         0x08000277   Thumb Code     0  startup_stm32f407xx.o(.text)
    UART5_IRQHandler                         0x08000277   Thumb Code     0  startup_stm32f407xx.o(.text)
    USART2_IRQHandler                        0x08000277   Thumb Code     0  startup_stm32f407xx.o(.text)
    USART3_IRQHandler                        0x08000277   Thumb Code     0  startup_stm32f407xx.o(.text)
    USART6_IRQHandler                        0x08000277   Thumb Code     0  startup_stm32f407xx.o(.text)
    WWDG_IRQHandler                          0x08000277   Thumb Code     0  startup_stm32f407xx.o(.text)
    __aeabi_uldivmod                         0x08000281   Thumb Code    98  uldiv.o(.text)
    __aeabi_memcpy                           0x080002e3   Thumb Code    36  memcpya.o(.text)
    __aeabi_memcpy4                          0x080002e3   Thumb Code     0  memcpya.o(.text)
    __aeabi_memcpy8                          0x080002e3   Thumb Code     0  memcpya.o(.text)
    __aeabi_memset                           0x08000307   Thumb Code    14  memseta.o(.text)
    __aeabi_memset4                          0x08000307   Thumb Code     0  memseta.o(.text)
    __aeabi_memset8                          0x08000307   Thumb Code     0  memseta.o(.text)
    __aeabi_memclr                           0x08000315   Thumb Code     4  memseta.o(.text)
    __aeabi_memclr4                          0x08000315   Thumb Code     0  memseta.o(.text)
    __aeabi_memclr8                          0x08000315   Thumb Code     0  memseta.o(.text)
    memset                                   0x08000319   Thumb Code    18  memseta.o(.text)
    __aeabi_dadd                             0x0800032b   Thumb Code   322  dadd.o(.text)
    __aeabi_dsub                             0x0800046d   Thumb Code     6  dadd.o(.text)
    __aeabi_drsub                            0x08000473   Thumb Code     6  dadd.o(.text)
    __aeabi_dmul                             0x08000479   Thumb Code   228  dmul.o(.text)
    __aeabi_ddiv                             0x0800055d   Thumb Code   222  ddiv.o(.text)
    __aeabi_d2uiz                            0x0800063b   Thumb Code    50  dfixui.o(.text)
    __aeabi_f2d                              0x0800066d   Thumb Code    38  f2d.o(.text)
    __aeabi_d2f                              0x08000693   Thumb Code    56  d2f.o(.text)
    __aeabi_uidiv                            0x080006cb   Thumb Code     0  uidiv.o(.text)
    __aeabi_uidivmod                         0x080006cb   Thumb Code    44  uidiv.o(.text)
    __aeabi_llsl                             0x080006f7   Thumb Code    30  llshl.o(.text)
    _ll_shift_l                              0x080006f7   Thumb Code     0  llshl.o(.text)
    __aeabi_llsr                             0x08000715   Thumb Code    32  llushr.o(.text)
    _ll_ushift_r                             0x08000715   Thumb Code     0  llushr.o(.text)
    __aeabi_lasr                             0x08000735   Thumb Code    36  llsshr.o(.text)
    _ll_sshift_r                             0x08000735   Thumb Code     0  llsshr.o(.text)
    __I$use$fp                               0x08000759   Thumb Code     0  iusefp.o(.text)
    _float_round                             0x08000759   Thumb Code    18  fepilogue.o(.text)
    _float_epilogue                          0x0800076b   Thumb Code    92  fepilogue.o(.text)
    _double_round                            0x080007c7   Thumb Code    30  depilogue.o(.text)
    _double_epilogue                         0x080007e5   Thumb Code   156  depilogue.o(.text)
    __aeabi_d2ulz                            0x08000881   Thumb Code    48  dfixul.o(.text)
    __aeabi_cdrcmple                         0x080008b1   Thumb Code    48  cdrcmple.o(.text)
    __scatterload                            0x080008e1   Thumb Code    28  init.o(.text)
    __scatterload_rt2                        0x080008e1   Thumb Code     0  init.o(.text)
    __aeabi_i2d                              0x08000905   Thumb Code    34  dflti.o(.text)
    __aeabi_ui2d                             0x08000927   Thumb Code    26  dfltui.o(.text)
    __aeabi_d2iz                             0x08000941   Thumb Code    62  dfixi.o(.text)
    BusFault_Handler                         0x08000ae1   Thumb Code     4  stm32f4xx_it.o(i.BusFault_Handler)
    CST816_GPIO_Init                         0x08000ae5   Thumb Code    86  cst816.o(i.CST816_GPIO_Init)
    DHT11_DelayUs                            0x08000b49   Thumb Code    34  dht11.o(i.DHT11_DelayUs)
    DHT11_ReadByte                           0x08000b79   Thumb Code   134  dht11.o(i.DHT11_ReadByte)
    DHT11_ReadData                           0x08000bff   Thumb Code    74  dht11.o(i.DHT11_ReadData)
    DHT11_ReadPin                            0x08000c49   Thumb Code    14  dht11.o(i.DHT11_ReadPin)
    DHT11_SetPin                             0x08000c5d   Thumb Code    18  dht11.o(i.DHT11_SetPin)
    DHT11_SetPinInput                        0x08000c75   Thumb Code    38  dht11.o(i.DHT11_SetPinInput)
    DHT11_SetPinOutput                       0x08000ca1   Thumb Code    40  dht11.o(i.DHT11_SetPinOutput)
    DHT11_Start                              0x08000ccd   Thumb Code   102  dht11.o(i.DHT11_Start)
    DebugMon_Handler                         0x08000d5f   Thumb Code     2  stm32f4xx_it.o(i.DebugMon_Handler)
    Error_Handler                            0x08000d61   Thumb Code     6  main.o(i.Error_Handler)
    Get_ADC_Value                            0x08000d69   Thumb Code    32  main.o(i.Get_ADC_Value)
    HAL_ADC_ConfigChannel                    0x08000d8d   Thumb Code   380  stm32f4xx_hal_adc.o(i.HAL_ADC_ConfigChannel)
    HAL_ADC_GetValue                         0x08000f19   Thumb Code     8  stm32f4xx_hal_adc.o(i.HAL_ADC_GetValue)
    HAL_ADC_Init                             0x08000f21   Thumb Code   100  stm32f4xx_hal_adc.o(i.HAL_ADC_Init)
    HAL_ADC_MspInit                          0x08000f89   Thumb Code   114  adc.o(i.HAL_ADC_MspInit)
    HAL_ADC_PollForConversion                0x08001009   Thumb Code   206  stm32f4xx_hal_adc.o(i.HAL_ADC_PollForConversion)
    HAL_ADC_Start                            0x080010d9   Thumb Code   308  stm32f4xx_hal_adc.o(i.HAL_ADC_Start)
    HAL_DMA_Abort                            0x08001225   Thumb Code   172  stm32f4xx_hal_dma.o(i.HAL_DMA_Abort)
    HAL_DMA_Abort_IT                         0x080012d1   Thumb Code    40  stm32f4xx_hal_dma.o(i.HAL_DMA_Abort_IT)
    HAL_DMA_Start_IT                         0x080012f9   Thumb Code   146  stm32f4xx_hal_dma.o(i.HAL_DMA_Start_IT)
    HAL_Delay                                0x0800138d   Thumb Code    36  stm32f4xx_hal.o(i.HAL_Delay)
    HAL_GPIO_Init                            0x080013b5   Thumb Code   454  stm32f4xx_hal_gpio.o(i.HAL_GPIO_Init)
    HAL_GPIO_ReadPin                         0x080015a9   Thumb Code    16  stm32f4xx_hal_gpio.o(i.HAL_GPIO_ReadPin)
    HAL_GPIO_WritePin                        0x080015b9   Thumb Code    12  stm32f4xx_hal_gpio.o(i.HAL_GPIO_WritePin)
    HAL_GetTick                              0x080015c5   Thumb Code     6  stm32f4xx_hal.o(i.HAL_GetTick)
    HAL_I2C_Init                             0x080015d1   Thumb Code   446  stm32f4xx_hal_i2c_1.o(i.HAL_I2C_Init)
    HAL_I2C_MspInit                          0x080017a1   Thumb Code   122  i2c.o(i.HAL_I2C_MspInit)
    HAL_IncTick                              0x08001829   Thumb Code    16  stm32f4xx_hal.o(i.HAL_IncTick)
    HAL_Init                                 0x08001841   Thumb Code    54  stm32f4xx_hal.o(i.HAL_Init)
    HAL_InitTick                             0x0800187d   Thumb Code   140  stm32f4xx_hal_timebase_tim.o(i.HAL_InitTick)
    HAL_MspInit                              0x0800191d   Thumb Code    78  stm32f4xx_hal_msp.o(i.HAL_MspInit)
    HAL_NVIC_EnableIRQ                       0x08001971   Thumb Code    40  stm32f4xx_hal_cortex.o(i.HAL_NVIC_EnableIRQ)
    HAL_NVIC_SetPriority                     0x08001999   Thumb Code   124  stm32f4xx_hal_cortex.o(i.HAL_NVIC_SetPriority)
    HAL_NVIC_SetPriorityGrouping             0x08001a15   Thumb Code    32  stm32f4xx_hal_cortex.o(i.HAL_NVIC_SetPriorityGrouping)
    HAL_RCC_ClockConfig                      0x08001a3d   Thumb Code   368  stm32f4xx_hal_rcc.o(i.HAL_RCC_ClockConfig)
    HAL_RCC_GetClockConfig                   0x08001bc1   Thumb Code    58  stm32f4xx_hal_rcc.o(i.HAL_RCC_GetClockConfig)
    HAL_RCC_GetHCLKFreq                      0x08001c05   Thumb Code     6  stm32f4xx_hal_rcc.o(i.HAL_RCC_GetHCLKFreq)
    HAL_RCC_GetPCLK1Freq                     0x08001c11   Thumb Code    22  stm32f4xx_hal_rcc.o(i.HAL_RCC_GetPCLK1Freq)
    HAL_RCC_GetPCLK2Freq                     0x08001c31   Thumb Code    22  stm32f4xx_hal_rcc.o(i.HAL_RCC_GetPCLK2Freq)
    HAL_RCC_GetSysClockFreq                  0x08001c51   Thumb Code   162  stm32f4xx_hal_rcc.o(i.HAL_RCC_GetSysClockFreq)
    HAL_RCC_OscConfig                        0x08001d01   Thumb Code  1172  stm32f4xx_hal_rcc.o(i.HAL_RCC_OscConfig)
    HAL_SPI_ErrorCallback                    0x0800219d   Thumb Code     2  stm32f4xx_hal_spi_1.o(i.HAL_SPI_ErrorCallback)
    HAL_SPI_Init                             0x0800219f   Thumb Code   200  stm32f4xx_hal_spi_1.o(i.HAL_SPI_Init)
    HAL_SPI_MspInit                          0x08002269   Thumb Code   122  spi.o(i.HAL_SPI_MspInit)
    HAL_SPI_Transmit                         0x080022f1   Thumb Code   446  stm32f4xx_hal_spi_1.o(i.HAL_SPI_Transmit)
    HAL_SPI_Transmit_DMA                     0x080024b1   Thumb Code   238  stm32f4xx_hal_spi_1.o(i.HAL_SPI_Transmit_DMA)
    HAL_SPI_TxCpltCallback                   0x080025ad   Thumb Code     2  stm32f4xx_hal_spi_1.o(i.HAL_SPI_TxCpltCallback)
    HAL_SPI_TxHalfCpltCallback               0x080025af   Thumb Code     2  stm32f4xx_hal_spi_1.o(i.HAL_SPI_TxHalfCpltCallback)
    HAL_TIMEx_BreakCallback                  0x080025b1   Thumb Code     2  stm32f4xx_hal_tim_ex.o(i.HAL_TIMEx_BreakCallback)
    HAL_TIMEx_CommutCallback                 0x080025b3   Thumb Code     2  stm32f4xx_hal_tim_ex.o(i.HAL_TIMEx_CommutCallback)
    HAL_TIMEx_MasterConfigSynchronization    0x080025b5   Thumb Code   150  stm32f4xx_hal_tim_ex.o(i.HAL_TIMEx_MasterConfigSynchronization)
    HAL_TIM_Base_Init                        0x08002669   Thumb Code   102  stm32f4xx_hal_tim.o(i.HAL_TIM_Base_Init)
    HAL_TIM_Base_MspInit                     0x080026d1   Thumb Code   104  tim.o(i.HAL_TIM_Base_MspInit)
    HAL_TIM_Base_Start_IT                    0x08002745   Thumb Code   138  stm32f4xx_hal_tim.o(i.HAL_TIM_Base_Start_IT)
    HAL_TIM_ConfigClockSource                0x080027ed   Thumb Code   268  stm32f4xx_hal_tim.o(i.HAL_TIM_ConfigClockSource)
    HAL_TIM_IC_CaptureCallback               0x080028f9   Thumb Code     2  stm32f4xx_hal_tim.o(i.HAL_TIM_IC_CaptureCallback)
    HAL_TIM_IRQHandler                       0x080028fb   Thumb Code   364  stm32f4xx_hal_tim.o(i.HAL_TIM_IRQHandler)
    HAL_TIM_OC_DelayElapsedCallback          0x08002a67   Thumb Code     2  stm32f4xx_hal_tim.o(i.HAL_TIM_OC_DelayElapsedCallback)
    HAL_TIM_PWM_ConfigChannel                0x08002a69   Thumb Code   260  stm32f4xx_hal_tim.o(i.HAL_TIM_PWM_ConfigChannel)
    HAL_TIM_PWM_Init                         0x08002b6d   Thumb Code   102  stm32f4xx_hal_tim.o(i.HAL_TIM_PWM_Init)
    HAL_TIM_PWM_MspInit                      0x08002bd3   Thumb Code     2  stm32f4xx_hal_tim.o(i.HAL_TIM_PWM_MspInit)
    HAL_TIM_PWM_PulseFinishedCallback        0x08002bd5   Thumb Code     2  stm32f4xx_hal_tim.o(i.HAL_TIM_PWM_PulseFinishedCallback)
    HAL_TIM_PWM_Start                        0x08002bd9   Thumb Code   238  stm32f4xx_hal_tim.o(i.HAL_TIM_PWM_Start)
    HAL_TIM_PeriodElapsedCallback            0x08002ce5   Thumb Code    58  rgb_led.o(i.HAL_TIM_PeriodElapsedCallback)
    HAL_TIM_TriggerCallback                  0x08002d55   Thumb Code     2  stm32f4xx_hal_tim.o(i.HAL_TIM_TriggerCallback)
    HAL_UARTEx_RxEventCallback               0x08002d57   Thumb Code     2  stm32f4xx_hal_uart.o(i.HAL_UARTEx_RxEventCallback)
    HAL_UART_ErrorCallback                   0x08002d59   Thumb Code     2  stm32f4xx_hal_uart.o(i.HAL_UART_ErrorCallback)
    HAL_UART_IRQHandler                      0x08002d5d   Thumb Code   772  stm32f4xx_hal_uart.o(i.HAL_UART_IRQHandler)
    HAL_UART_Init                            0x08003065   Thumb Code   118  stm32f4xx_hal_uart.o(i.HAL_UART_Init)
    HAL_UART_MspInit                         0x080030dd   Thumb Code   140  usart.o(i.HAL_UART_MspInit)
    HAL_UART_RxCpltCallback                  0x08003175   Thumb Code     2  stm32f4xx_hal_uart.o(i.HAL_UART_RxCpltCallback)
    HAL_UART_Transmit                        0x08003177   Thumb Code   190  stm32f4xx_hal_uart.o(i.HAL_UART_Transmit)
    HAL_UART_TxCpltCallback                  0x08003235   Thumb Code     2  stm32f4xx_hal_uart.o(i.HAL_UART_TxCpltCallback)
    HardFault_Handler                        0x08003237   Thumb Code     4  stm32f4xx_it.o(i.HardFault_Handler)
    IICInit                                  0x0800323b   Thumb Code     2  iic_hal_hard.o(i.IICInit)
    LCD_Address_Set                          0x0800323d   Thumb Code    66  lcd_init.o(i.LCD_Address_Set)
    LCD_Fill                                 0x08003281   Thumb Code   146  lcd.o(i.LCD_Fill)
    LCD_Init                                 0x08003321   Thumb Code   408  lcd_init.o(i.LCD_Init)
    LCD_WR_DATA                              0x080034c1   Thumb Code    18  lcd_init.o(i.LCD_WR_DATA)
    LCD_WR_DATA8                             0x080034d3   Thumb Code    12  lcd_init.o(i.LCD_WR_DATA8)
    LCD_WR_REG                               0x080034e1   Thumb Code    34  lcd_init.o(i.LCD_WR_REG)
    LCD_Writ_Bus                             0x08003509   Thumb Code    34  lcd_init.o(i.LCD_Writ_Bus)
    MX_ADC1_Init                             0x08003535   Thumb Code    98  adc.o(i.MX_ADC1_Init)
    MX_FREERTOS_Init                         0x080035a5   Thumb Code    78  freertos.o(i.MX_FREERTOS_Init)
    MX_GPIO_Init                             0x08003605   Thumb Code   456  gpio.o(i.MX_GPIO_Init)
    MX_I2C1_Init                             0x080037e5   Thumb Code    48  i2c.o(i.MX_I2C1_Init)
    MX_SPI1_Init                             0x08003821   Thumb Code    58  spi.o(i.MX_SPI1_Init)
    MX_TIM3_Init                             0x08003865   Thumb Code   150  tim.o(i.MX_TIM3_Init)
    MX_TIM4_Init                             0x08003905   Thumb Code   148  tim.o(i.MX_TIM4_Init)
    MX_USART1_UART_Init                      0x080039a1   Thumb Code    46  usart.o(i.MX_USART1_UART_Init)
    MemManage_Handler                        0x080039d9   Thumb Code     4  stm32f4xx_it.o(i.MemManage_Handler)
    NMI_Handler                              0x080039dd   Thumb Code     4  stm32f4xx_it.o(i.NMI_Handler)
    RGB_LED_Init                             0x08003b69   Thumb Code    56  rgb_led.o(i.RGB_LED_Init)
    RGB_LED_SetBrightness                    0x08003c49   Thumb Code    22  rgb_led.o(i.RGB_LED_SetBrightness)
    RGB_LED_SetColor                         0x08003c85   Thumb Code    30  rgb_led.o(i.RGB_LED_SetColor)
    RGB_LED_SetMode                          0x08003cd1   Thumb Code    28  rgb_led.o(i.RGB_LED_SetMode)
    RGB_LED_Test                             0x08003d31   Thumb Code   158  rgb_led.o(i.RGB_LED_Test)
    RGB_LED_Update                           0x08003e35   Thumb Code    34  rgb_led.o(i.RGB_LED_Update)
    StartBreathingLedTask                    0x08004075   Thumb Code   178  freertos.o(i.StartBreathingLedTask)
    StartDefaultTask                         0x08004171   Thumb Code    10  freertos.o(i.StartDefaultTask)
    StartRgbLedTask                          0x0800417d   Thumb Code   230  freertos.o(i.StartRgbLedTask)
    SysTick_Handler                          0x080042a9   Thumb Code    46  port.o(i.SysTick_Handler)
    SystemClock_Config                       0x080042dd   Thumb Code   170  main.o(i.SystemClock_Config)
    SystemInit                               0x08004391   Thumb Code    14  system_stm32f4xx.o(i.SystemInit)
    TIM1_UP_TIM10_IRQHandler                 0x080043a5   Thumb Code    10  stm32f4xx_it.o(i.TIM1_UP_TIM10_IRQHandler)
    TIM3_IRQHandler                          0x080043b5   Thumb Code    10  stm32f4xx_it.o(i.TIM3_IRQHandler)
    TIM_Base_SetConfig                       0x080043c5   Thumb Code   178  stm32f4xx_hal_tim.o(i.TIM_Base_SetConfig)
    TIM_CCxChannelCmd                        0x080044a5   Thumb Code    34  stm32f4xx_hal_tim.o(i.TIM_CCxChannelCmd)
    TIM_ETR_SetConfig                        0x080044c7   Thumb Code    22  stm32f4xx_hal_tim.o(i.TIM_ETR_SetConfig)
    TIM_OC2_SetConfig                        0x08004561   Thumb Code   114  stm32f4xx_hal_tim.o(i.TIM_OC2_SetConfig)
    USART1_IRQHandler                        0x08004ba9   Thumb Code    10  stm32f4xx_it.o(i.USART1_IRQHandler)
    UsageFault_Handler                       0x08004bb9   Thumb Code     4  stm32f4xx_it.o(i.UsageFault_Handler)
    __0printf                                0x08004bbd   Thumb Code    22  printfa.o(i.__0printf)
    __1printf                                0x08004bbd   Thumb Code     0  printfa.o(i.__0printf)
    __2printf                                0x08004bbd   Thumb Code     0  printfa.o(i.__0printf)
    __c89printf                              0x08004bbd   Thumb Code     0  printfa.o(i.__0printf)
    printf                                   0x08004bbd   Thumb Code     0  printfa.o(i.__0printf)
    __ARM_fpclassify                         0x08004bdd   Thumb Code    48  fpclassify.o(i.__ARM_fpclassify)
    __hardfp_sin                             0x08004c49   Thumb Code   180  sin.o(i.__hardfp_sin)
    __ieee754_rem_pio2                       0x08004d11   Thumb Code   938  rred.o(i.__ieee754_rem_pio2)
    __kernel_cos                             0x08005149   Thumb Code   322  cos_i.o(i.__kernel_cos)
    __kernel_poly                            0x080052b9   Thumb Code   248  poly.o(i.__kernel_poly)
    __kernel_sin                             0x080053b1   Thumb Code   280  sin_i.o(i.__kernel_sin)
    __mathlib_dbl_infnan                     0x080054e1   Thumb Code    20  dunder.o(i.__mathlib_dbl_infnan)
    __mathlib_dbl_invalid                    0x080054f9   Thumb Code    24  dunder.o(i.__mathlib_dbl_invalid)
    __mathlib_dbl_underflow                  0x08005519   Thumb Code    24  dunder.o(i.__mathlib_dbl_underflow)
    __scatterload_copy                       0x08005539   Thumb Code    14  handlers.o(i.__scatterload_copy)
    __scatterload_null                       0x08005547   Thumb Code     2  handlers.o(i.__scatterload_null)
    __scatterload_zeroinit                   0x08005549   Thumb Code    14  handlers.o(i.__scatterload_zeroinit)
    __set_errno                              0x08005559   Thumb Code     6  errno.o(i.__set_errno)
    delay_ms                                 0x08005e17   Thumb Code    12  delay.o(i.delay_ms)
    fabs                                     0x08005e23   Thumb Code    24  fabs.o(i.fabs)
    fputc                                    0x08005e3d   Thumb Code    22  main.o(i.fputc)
    main                                     0x08005e69   Thumb Code   442  main.o(i.main)
    osDelay                                  0x0800619b   Thumb Code    24  cmsis_os.o(i.osDelay)
    osKernelStart                            0x080061b3   Thumb Code    10  cmsis_os.o(i.osKernelStart)
    osKernelSysTick                          0x080061bd   Thumb Code    20  cmsis_os.o(i.osKernelSysTick)
    osThreadCreate                           0x080061d1   Thumb Code    94  cmsis_os.o(i.osThreadCreate)
    pvPortMalloc                             0x080066b1   Thumb Code   306  heap_4.o(i.pvPortMalloc)
    pxPortInitialiseStack                    0x080067fd   Thumb Code    38  port.o(i.pxPortInitialiseStack)
    uxListRemove                             0x08006829   Thumb Code    40  list.o(i.uxListRemove)
    vApplicationGetIdleTaskMemory            0x08006851   Thumb Code    14  freertos.o(i.vApplicationGetIdleTaskMemory)
    vListInitialise                          0x08006869   Thumb Code    26  list.o(i.vListInitialise)
    vListInitialiseItem                      0x08006883   Thumb Code     6  list.o(i.vListInitialiseItem)
    vListInsert                              0x08006889   Thumb Code    52  list.o(i.vListInsert)
    vListInsertEnd                           0x080068bd   Thumb Code    24  list.o(i.vListInsertEnd)
    vPortEnterCritical                       0x080068d5   Thumb Code    76  port.o(i.vPortEnterCritical)
    vPortExitCritical                        0x08006929   Thumb Code    56  port.o(i.vPortExitCritical)
    vPortFree                                0x08006965   Thumb Code   150  heap_4.o(i.vPortFree)
    vPortSetupTimerInterrupt                 0x08006a09   Thumb Code    36  port.o(i.vPortSetupTimerInterrupt)
    vPortValidateInterruptPriority           0x08006a31   Thumb Code   106  port.o(i.vPortValidateInterruptPriority)
    vTaskDelay                               0x08006aa9   Thumb Code    82  tasks.o(i.vTaskDelay)
    vTaskStartScheduler                      0x08006b05   Thumb Code   146  tasks.o(i.vTaskStartScheduler)
    vTaskSuspendAll                          0x08006bb5   Thumb Code    12  tasks.o(i.vTaskSuspendAll)
    vTaskSwitchContext                       0x08006bc5   Thumb Code   118  tasks.o(i.vTaskSwitchContext)
    xPortStartScheduler                      0x08006c51   Thumb Code   330  port.o(i.xPortStartScheduler)
    xTaskCreate                              0x08006db9   Thumb Code   100  tasks.o(i.xTaskCreate)
    xTaskCreateStatic                        0x08006e1d   Thumb Code   186  tasks.o(i.xTaskCreateStatic)
    xTaskGetTickCount                        0x08006ed9   Thumb Code     6  tasks.o(i.xTaskGetTickCount)
    xTaskGetTickCountFromISR                 0x08006ee5   Thumb Code    16  tasks.o(i.xTaskGetTickCountFromISR)
    xTaskIncrementTick                       0x08006ef9   Thumb Code   282  tasks.o(i.xTaskIncrementTick)
    xTaskResumeAll                           0x08007041   Thumb Code   224  tasks.o(i.xTaskResumeAll)
    AHBPrescTable                            0x080071d4   Data          16  system_stm32f4xx.o(.constdata)
    APBPrescTable                            0x080071e4   Data           8  system_stm32f4xx.o(.constdata)
    Region$$Table$$Base                      0x080073ec   Number         0  anon$$obj.o(Region$$Table)
    Region$$Table$$Limit                     0x0800740c   Number         0  anon$$obj.o(Region$$Table)
    defaultTaskHandle                        0x2000000c   Data           4  freertos.o(.data)
    rgbLedTaskHandle                         0x20000010   Data           4  freertos.o(.data)
    breathingLedTaskHandle                   0x20000014   Data           4  freertos.o(.data)
    uwTick                                   0x20000018   Data           4  stm32f4xx_hal.o(.data)
    uwTickPrio                               0x2000001c   Data           4  stm32f4xx_hal.o(.data)
    uwTickFreq                               0x20000020   Data           1  stm32f4xx_hal.o(.data)
    SystemCoreClock                          0x20000024   Data           4  system_stm32f4xx.o(.data)
    pxCurrentTCB                             0x20000028   Data           4  tasks.o(.data)
    __stdout                                 0x20000090   Data           4  stdout.o(.data)
    hadc1                                    0x200002fc   Data          72  adc.o(.bss)
    hi2c1                                    0x20000344   Data          84  i2c.o(.bss)
    hspi1                                    0x20000398   Data          88  spi.o(.bss)
    htim3                                    0x200003f0   Data          72  tim.o(.bss)
    htim4                                    0x20000438   Data          72  tim.o(.bss)
    huart1                                   0x20000480   Data          72  usart.o(.bss)
    htim1                                    0x200004c8   Data          72  stm32f4xx_hal_timebase_tim.o(.bss)
    __initial_sp                             0x20004600   Data           0  startup_stm32f407xx.o(STACK)



==============================================================================

Memory Map of the image

  Image Entry point : 0x08000189

  Load Region LR_IROM1 (Base: 0x08000000, Size: 0x000074a4, Max: 0x00080000, ABSOLUTE)

    Execution Region ER_IROM1 (Exec base: 0x08000000, Load base: 0x08000000, Size: 0x0000740c, Max: 0x00080000, ABSOLUTE)

    Exec Addr    Load Addr    Size         Type   Attr      Idx    E Section Name        Object

    0x08000000   0x08000000   0x00000188   Data   RO            3    RESET               startup_stm32f407xx.o
    0x08000188   0x08000188   0x00000000   Code   RO         6337  * .ARM.Collect$$$$00000000  mc_w.l(entry.o)
    0x08000188   0x08000188   0x00000004   Code   RO         6651    .ARM.Collect$$$$00000001  mc_w.l(entry2.o)
    0x0800018c   0x0800018c   0x00000004   Code   RO         6654    .ARM.Collect$$$$00000004  mc_w.l(entry5.o)
    0x08000190   0x08000190   0x00000000   Code   RO         6656    .ARM.Collect$$$$00000008  mc_w.l(entry7b.o)
    0x08000190   0x08000190   0x00000000   Code   RO         6658    .ARM.Collect$$$$0000000A  mc_w.l(entry8b.o)
    0x08000190   0x08000190   0x00000008   Code   RO         6659    .ARM.Collect$$$$0000000B  mc_w.l(entry9a.o)
    0x08000198   0x08000198   0x00000000   Code   RO         6661    .ARM.Collect$$$$0000000D  mc_w.l(entry10a.o)
    0x08000198   0x08000198   0x00000000   Code   RO         6663    .ARM.Collect$$$$0000000F  mc_w.l(entry11a.o)
    0x08000198   0x08000198   0x00000004   Code   RO         6652    .ARM.Collect$$$$00002712  mc_w.l(entry2.o)
    0x0800019c   0x0800019c   0x000000be   Code   RO         6248    .emb_text           port.o
    0x0800025a   0x0800025a   0x00000002   PAD
    0x0800025c   0x0800025c   0x00000024   Code   RO            4    .text               startup_stm32f407xx.o
    0x08000280   0x08000280   0x00000062   Code   RO         6340    .text               mc_w.l(uldiv.o)
    0x080002e2   0x080002e2   0x00000024   Code   RO         6342    .text               mc_w.l(memcpya.o)
    0x08000306   0x08000306   0x00000024   Code   RO         6346    .text               mc_w.l(memseta.o)
    0x0800032a   0x0800032a   0x0000014e   Code   RO         6611    .text               mf_w.l(dadd.o)
    0x08000478   0x08000478   0x000000e4   Code   RO         6613    .text               mf_w.l(dmul.o)
    0x0800055c   0x0800055c   0x000000de   Code   RO         6615    .text               mf_w.l(ddiv.o)
    0x0800063a   0x0800063a   0x00000032   Code   RO         6617    .text               mf_w.l(dfixui.o)
    0x0800066c   0x0800066c   0x00000026   Code   RO         6619    .text               mf_w.l(f2d.o)
    0x08000692   0x08000692   0x00000038   Code   RO         6621    .text               mf_w.l(d2f.o)
    0x080006ca   0x080006ca   0x0000002c   Code   RO         6666    .text               mc_w.l(uidiv.o)
    0x080006f6   0x080006f6   0x0000001e   Code   RO         6668    .text               mc_w.l(llshl.o)
    0x08000714   0x08000714   0x00000020   Code   RO         6670    .text               mc_w.l(llushr.o)
    0x08000734   0x08000734   0x00000024   Code   RO         6672    .text               mc_w.l(llsshr.o)
    0x08000758   0x08000758   0x00000000   Code   RO         6681    .text               mc_w.l(iusefp.o)
    0x08000758   0x08000758   0x0000006e   Code   RO         6682    .text               mf_w.l(fepilogue.o)
    0x080007c6   0x080007c6   0x000000ba   Code   RO         6684    .text               mf_w.l(depilogue.o)
    0x08000880   0x08000880   0x00000030   Code   RO         6688    .text               mf_w.l(dfixul.o)
    0x080008b0   0x080008b0   0x00000030   Code   RO         6690    .text               mf_w.l(cdrcmple.o)
    0x080008e0   0x080008e0   0x00000024   Code   RO         6702    .text               mc_w.l(init.o)
    0x08000904   0x08000904   0x00000022   Code   RO         6704    .text               mf_w.l(dflti.o)
    0x08000926   0x08000926   0x0000001a   Code   RO         6706    .text               mf_w.l(dfltui.o)
    0x08000940   0x08000940   0x0000003e   Code   RO         6708    .text               mf_w.l(dfixi.o)
    0x0800097e   0x0800097e   0x00000002   PAD
    0x08000980   0x08000980   0x00000160   Code   RO         2308    i.ADC_Init          stm32f4xx_hal_adc.o
    0x08000ae0   0x08000ae0   0x00000004   Code   RO         1182    i.BusFault_Handler  stm32f4xx_it.o
    0x08000ae4   0x08000ae4   0x00000064   Code   RO          224    i.CST816_GPIO_Init  cst816.o
    0x08000b48   0x08000b48   0x00000030   Code   RO           31    i.DHT11_DelayUs     dht11.o
    0x08000b78   0x08000b78   0x00000086   Code   RO           32    i.DHT11_ReadByte    dht11.o
    0x08000bfe   0x08000bfe   0x0000004a   Code   RO           33    i.DHT11_ReadData    dht11.o
    0x08000c48   0x08000c48   0x00000014   Code   RO           34    i.DHT11_ReadPin     dht11.o
    0x08000c5c   0x08000c5c   0x00000018   Code   RO           35    i.DHT11_SetPin      dht11.o
    0x08000c74   0x08000c74   0x0000002c   Code   RO           36    i.DHT11_SetPinInput  dht11.o
    0x08000ca0   0x08000ca0   0x0000002c   Code   RO           37    i.DHT11_SetPinOutput  dht11.o
    0x08000ccc   0x08000ccc   0x00000066   Code   RO           38    i.DHT11_Start       dht11.o
    0x08000d32   0x08000d32   0x0000002c   Code   RO         3089    i.DMA_SetConfig     stm32f4xx_hal_dma.o
    0x08000d5e   0x08000d5e   0x00000002   Code   RO         1183    i.DebugMon_Handler  stm32f4xx_it.o
    0x08000d60   0x08000d60   0x00000006   Code   RO          768    i.Error_Handler     main.o
    0x08000d66   0x08000d66   0x00000002   PAD
    0x08000d68   0x08000d68   0x00000024   Code   RO          769    i.Get_ADC_Value     main.o
    0x08000d8c   0x08000d8c   0x0000018c   Code   RO         2310    i.HAL_ADC_ConfigChannel  stm32f4xx_hal_adc.o
    0x08000f18   0x08000f18   0x00000008   Code   RO         2317    i.HAL_ADC_GetValue  stm32f4xx_hal_adc.o
    0x08000f20   0x08000f20   0x00000068   Code   RO         2319    i.HAL_ADC_Init      stm32f4xx_hal_adc.o
    0x08000f88   0x08000f88   0x00000080   Code   RO          967    i.HAL_ADC_MspInit   adc.o
    0x08001008   0x08001008   0x000000ce   Code   RO         2323    i.HAL_ADC_PollForConversion  stm32f4xx_hal_adc.o
    0x080010d6   0x080010d6   0x00000002   PAD
    0x080010d8   0x080010d8   0x0000014c   Code   RO         2325    i.HAL_ADC_Start     stm32f4xx_hal_adc.o
    0x08001224   0x08001224   0x000000ac   Code   RO         3090    i.HAL_DMA_Abort     stm32f4xx_hal_dma.o
    0x080012d0   0x080012d0   0x00000028   Code   RO         3091    i.HAL_DMA_Abort_IT  stm32f4xx_hal_dma.o
    0x080012f8   0x080012f8   0x00000092   Code   RO         3100    i.HAL_DMA_Start_IT  stm32f4xx_hal_dma.o
    0x0800138a   0x0800138a   0x00000002   PAD
    0x0800138c   0x0800138c   0x00000028   Code   RO         3532    i.HAL_Delay         stm32f4xx_hal.o
    0x080013b4   0x080013b4   0x000001f4   Code   RO         2983    i.HAL_GPIO_Init     stm32f4xx_hal_gpio.o
    0x080015a8   0x080015a8   0x00000010   Code   RO         2985    i.HAL_GPIO_ReadPin  stm32f4xx_hal_gpio.o
    0x080015b8   0x080015b8   0x0000000c   Code   RO         2987    i.HAL_GPIO_WritePin  stm32f4xx_hal_gpio.o
    0x080015c4   0x080015c4   0x0000000c   Code   RO         3538    i.HAL_GetTick       stm32f4xx_hal.o
    0x080015d0   0x080015d0   0x000001d0   Code   RO         3794    i.HAL_I2C_Init      stm32f4xx_hal_i2c_1.o
    0x080017a0   0x080017a0   0x00000088   Code   RO         1009    i.HAL_I2C_MspInit   i2c.o
    0x08001828   0x08001828   0x00000018   Code   RO         3544    i.HAL_IncTick       stm32f4xx_hal.o
    0x08001840   0x08001840   0x0000003c   Code   RO         3545    i.HAL_Init          stm32f4xx_hal.o
    0x0800187c   0x0800187c   0x000000a0   Code   RO         1282    i.HAL_InitTick      stm32f4xx_hal_timebase_tim.o
    0x0800191c   0x0800191c   0x00000054   Code   RO         1258    i.HAL_MspInit       stm32f4xx_hal_msp.o
    0x08001970   0x08001970   0x00000028   Code   RO         3375    i.HAL_NVIC_EnableIRQ  stm32f4xx_hal_cortex.o
    0x08001998   0x08001998   0x0000007c   Code   RO         3381    i.HAL_NVIC_SetPriority  stm32f4xx_hal_cortex.o
    0x08001a14   0x08001a14   0x00000028   Code   RO         3382    i.HAL_NVIC_SetPriorityGrouping  stm32f4xx_hal_cortex.o
    0x08001a3c   0x08001a3c   0x00000184   Code   RO         2584    i.HAL_RCC_ClockConfig  stm32f4xx_hal_rcc.o
    0x08001bc0   0x08001bc0   0x00000044   Code   RO         2588    i.HAL_RCC_GetClockConfig  stm32f4xx_hal_rcc.o
    0x08001c04   0x08001c04   0x0000000c   Code   RO         2589    i.HAL_RCC_GetHCLKFreq  stm32f4xx_hal_rcc.o
    0x08001c10   0x08001c10   0x00000020   Code   RO         2591    i.HAL_RCC_GetPCLK1Freq  stm32f4xx_hal_rcc.o
    0x08001c30   0x08001c30   0x00000020   Code   RO         2592    i.HAL_RCC_GetPCLK2Freq  stm32f4xx_hal_rcc.o
    0x08001c50   0x08001c50   0x000000b0   Code   RO         2593    i.HAL_RCC_GetSysClockFreq  stm32f4xx_hal_rcc.o
    0x08001d00   0x08001d00   0x0000049c   Code   RO         2596    i.HAL_RCC_OscConfig  stm32f4xx_hal_rcc.o
    0x0800219c   0x0800219c   0x00000002   Code   RO         4285    i.HAL_SPI_ErrorCallback  stm32f4xx_hal_spi_1.o
    0x0800219e   0x0800219e   0x000000c8   Code   RO         4289    i.HAL_SPI_Init      stm32f4xx_hal_spi_1.o
    0x08002266   0x08002266   0x00000002   PAD
    0x08002268   0x08002268   0x00000088   Code   RO         1051    i.HAL_SPI_MspInit   spi.o
    0x080022f0   0x080022f0   0x000001be   Code   RO         4297    i.HAL_SPI_Transmit  stm32f4xx_hal_spi_1.o
    0x080024ae   0x080024ae   0x00000002   PAD
    0x080024b0   0x080024b0   0x000000fc   Code   RO         4301    i.HAL_SPI_Transmit_DMA  stm32f4xx_hal_spi_1.o
    0x080025ac   0x080025ac   0x00000002   Code   RO         4303    i.HAL_SPI_TxCpltCallback  stm32f4xx_hal_spi_1.o
    0x080025ae   0x080025ae   0x00000002   Code   RO         4304    i.HAL_SPI_TxHalfCpltCallback  stm32f4xx_hal_spi_1.o
    0x080025b0   0x080025b0   0x00000002   Code   RO         2038    i.HAL_TIMEx_BreakCallback  stm32f4xx_hal_tim_ex.o
    0x080025b2   0x080025b2   0x00000002   Code   RO         2039    i.HAL_TIMEx_CommutCallback  stm32f4xx_hal_tim_ex.o
    0x080025b4   0x080025b4   0x000000b4   Code   RO         2057    i.HAL_TIMEx_MasterConfigSynchronization  stm32f4xx_hal_tim_ex.o
    0x08002668   0x08002668   0x00000066   Code   RO         1323    i.HAL_TIM_Base_Init  stm32f4xx_hal_tim.o
    0x080026ce   0x080026ce   0x00000002   PAD
    0x080026d0   0x080026d0   0x00000074   Code   RO         1093    i.HAL_TIM_Base_MspInit  tim.o
    0x08002744   0x08002744   0x000000a8   Code   RO         1328    i.HAL_TIM_Base_Start_IT  stm32f4xx_hal_tim.o
    0x080027ec   0x080027ec   0x0000010c   Code   RO         1332    i.HAL_TIM_ConfigClockSource  stm32f4xx_hal_tim.o
    0x080028f8   0x080028f8   0x00000002   Code   RO         1357    i.HAL_TIM_IC_CaptureCallback  stm32f4xx_hal_tim.o
    0x080028fa   0x080028fa   0x0000016c   Code   RO         1371    i.HAL_TIM_IRQHandler  stm32f4xx_hal_tim.o
    0x08002a66   0x08002a66   0x00000002   Code   RO         1374    i.HAL_TIM_OC_DelayElapsedCallback  stm32f4xx_hal_tim.o
    0x08002a68   0x08002a68   0x00000104   Code   RO         1395    i.HAL_TIM_PWM_ConfigChannel  stm32f4xx_hal_tim.o
    0x08002b6c   0x08002b6c   0x00000066   Code   RO         1398    i.HAL_TIM_PWM_Init  stm32f4xx_hal_tim.o
    0x08002bd2   0x08002bd2   0x00000002   Code   RO         1400    i.HAL_TIM_PWM_MspInit  stm32f4xx_hal_tim.o
    0x08002bd4   0x08002bd4   0x00000002   Code   RO         1401    i.HAL_TIM_PWM_PulseFinishedCallback  stm32f4xx_hal_tim.o
    0x08002bd6   0x08002bd6   0x00000002   PAD
    0x08002bd8   0x08002bd8   0x0000010c   Code   RO         1403    i.HAL_TIM_PWM_Start  stm32f4xx_hal_tim.o
    0x08002ce4   0x08002ce4   0x00000070   Code   RO          673    i.HAL_TIM_PeriodElapsedCallback  rgb_led.o
    0x08002d54   0x08002d54   0x00000002   Code   RO         1414    i.HAL_TIM_TriggerCallback  stm32f4xx_hal_tim.o
    0x08002d56   0x08002d56   0x00000002   Code   RO         4612    i.HAL_UARTEx_RxEventCallback  stm32f4xx_hal_uart.o
    0x08002d58   0x08002d58   0x00000002   Code   RO         4626    i.HAL_UART_ErrorCallback  stm32f4xx_hal_uart.o
    0x08002d5a   0x08002d5a   0x00000002   PAD
    0x08002d5c   0x08002d5c   0x00000308   Code   RO         4629    i.HAL_UART_IRQHandler  stm32f4xx_hal_uart.o
    0x08003064   0x08003064   0x00000076   Code   RO         4630    i.HAL_UART_Init     stm32f4xx_hal_uart.o
    0x080030da   0x080030da   0x00000002   PAD
    0x080030dc   0x080030dc   0x00000098   Code   RO         1141    i.HAL_UART_MspInit  usart.o
    0x08003174   0x08003174   0x00000002   Code   RO         4636    i.HAL_UART_RxCpltCallback  stm32f4xx_hal_uart.o
    0x08003176   0x08003176   0x000000be   Code   RO         4638    i.HAL_UART_Transmit  stm32f4xx_hal_uart.o
    0x08003234   0x08003234   0x00000002   Code   RO         4641    i.HAL_UART_TxCpltCallback  stm32f4xx_hal_uart.o
    0x08003236   0x08003236   0x00000004   Code   RO         1184    i.HardFault_Handler  stm32f4xx_it.o
    0x0800323a   0x0800323a   0x00000002   Code   RO          407    i.IICInit           iic_hal_hard.o
    0x0800323c   0x0800323c   0x00000042   Code   RO          613    i.LCD_Address_Set   lcd_init.o
    0x0800327e   0x0800327e   0x00000002   PAD
    0x08003280   0x08003280   0x000000a0   Code   RO          457    i.LCD_Fill          lcd.o
    0x08003320   0x08003320   0x000001a0   Code   RO          615    i.LCD_Init          lcd_init.o
    0x080034c0   0x080034c0   0x00000012   Code   RO          616    i.LCD_WR_DATA       lcd_init.o
    0x080034d2   0x080034d2   0x0000000c   Code   RO          617    i.LCD_WR_DATA8      lcd_init.o
    0x080034de   0x080034de   0x00000002   PAD
    0x080034e0   0x080034e0   0x00000028   Code   RO          618    i.LCD_WR_REG        lcd_init.o
    0x08003508   0x08003508   0x0000002c   Code   RO          619    i.LCD_Writ_Bus      lcd_init.o
    0x08003534   0x08003534   0x00000070   Code   RO          968    i.MX_ADC1_Init      adc.o
    0x080035a4   0x080035a4   0x00000060   Code   RO          904    i.MX_FREERTOS_Init  freertos.o
    0x08003604   0x08003604   0x000001e0   Code   RO          880    i.MX_GPIO_Init      gpio.o
    0x080037e4   0x080037e4   0x0000003c   Code   RO         1010    i.MX_I2C1_Init      i2c.o
    0x08003820   0x08003820   0x00000044   Code   RO         1052    i.MX_SPI1_Init      spi.o
    0x08003864   0x08003864   0x000000a0   Code   RO         1094    i.MX_TIM3_Init      tim.o
    0x08003904   0x08003904   0x0000009c   Code   RO         1095    i.MX_TIM4_Init      tim.o
    0x080039a0   0x080039a0   0x00000038   Code   RO         1142    i.MX_USART1_UART_Init  usart.o
    0x080039d8   0x080039d8   0x00000004   Code   RO         1185    i.MemManage_Handler  stm32f4xx_it.o
    0x080039dc   0x080039dc   0x00000004   Code   RO         1186    i.NMI_Handler       stm32f4xx_it.o
    0x080039e0   0x080039e0   0x00000188   Code   RO          674    i.RGB_LED_Effect_Update  rgb_led.o
    0x08003b68   0x08003b68   0x00000064   Code   RO          675    i.RGB_LED_Init      rgb_led.o
    0x08003bcc   0x08003bcc   0x0000007c   Code   RO          676    i.RGB_LED_PWM_Update  rgb_led.o
    0x08003c48   0x08003c48   0x0000003c   Code   RO          677    i.RGB_LED_SetBrightness  rgb_led.o
    0x08003c84   0x08003c84   0x0000004c   Code   RO          678    i.RGB_LED_SetColor  rgb_led.o
    0x08003cd0   0x08003cd0   0x0000003c   Code   RO          679    i.RGB_LED_SetMode   rgb_led.o
    0x08003d0c   0x08003d0c   0x00000024   Code   RO          680    i.RGB_LED_SetOutput  rgb_led.o
    0x08003d30   0x08003d30   0x00000104   Code   RO          681    i.RGB_LED_Test      rgb_led.o
    0x08003e34   0x08003e34   0x00000028   Code   RO          682    i.RGB_LED_Update    rgb_led.o
    0x08003e5c   0x08003e5c   0x00000028   Code   RO         4317    i.SPI_DMAError      stm32f4xx_hal_spi_1.o
    0x08003e84   0x08003e84   0x0000000e   Code   RO         4319    i.SPI_DMAHalfTransmitCplt  stm32f4xx_hal_spi_1.o
    0x08003e92   0x08003e92   0x00000080   Code   RO         4323    i.SPI_DMATransmitCplt  stm32f4xx_hal_spi_1.o
    0x08003f12   0x08003f12   0x00000002   PAD
    0x08003f14   0x08003f14   0x00000088   Code   RO         4327    i.SPI_EndRxTxTransaction  stm32f4xx_hal_spi_1.o
    0x08003f9c   0x08003f9c   0x000000d8   Code   RO         4332    i.SPI_WaitFlagStateUntilTimeout  stm32f4xx_hal_spi_1.o
    0x08004074   0x08004074   0x000000fc   Code   RO          905    i.StartBreathingLedTask  freertos.o
    0x08004170   0x08004170   0x0000000a   Code   RO          906    i.StartDefaultTask  freertos.o
    0x0800417a   0x0800417a   0x00000002   PAD
    0x0800417c   0x0800417c   0x0000012c   Code   RO          907    i.StartRgbLedTask   freertos.o
    0x080042a8   0x080042a8   0x00000034   Code   RO         6249    i.SysTick_Handler   port.o
    0x080042dc   0x080042dc   0x000000b4   Code   RO          770    i.SystemClock_Config  main.o
    0x08004390   0x08004390   0x00000014   Code   RO         4974    i.SystemInit        system_stm32f4xx.o
    0x080043a4   0x080043a4   0x00000010   Code   RO         1187    i.TIM1_UP_TIM10_IRQHandler  stm32f4xx_it.o
    0x080043b4   0x080043b4   0x00000010   Code   RO         1188    i.TIM3_IRQHandler   stm32f4xx_it.o
    0x080043c4   0x080043c4   0x000000e0   Code   RO         1416    i.TIM_Base_SetConfig  stm32f4xx_hal_tim.o
    0x080044a4   0x080044a4   0x00000022   Code   RO         1417    i.TIM_CCxChannelCmd  stm32f4xx_hal_tim.o
    0x080044c6   0x080044c6   0x00000016   Code   RO         1427    i.TIM_ETR_SetConfig  stm32f4xx_hal_tim.o
    0x080044dc   0x080044dc   0x00000012   Code   RO         1428    i.TIM_ITRx_SetConfig  stm32f4xx_hal_tim.o
    0x080044ee   0x080044ee   0x00000002   PAD
    0x080044f0   0x080044f0   0x00000070   Code   RO         1429    i.TIM_OC1_SetConfig  stm32f4xx_hal_tim.o
    0x08004560   0x08004560   0x0000007c   Code   RO         1430    i.TIM_OC2_SetConfig  stm32f4xx_hal_tim.o
    0x080045dc   0x080045dc   0x00000078   Code   RO         1431    i.TIM_OC3_SetConfig  stm32f4xx_hal_tim.o
    0x08004654   0x08004654   0x00000054   Code   RO         1432    i.TIM_OC4_SetConfig  stm32f4xx_hal_tim.o
    0x080046a8   0x080046a8   0x00000026   Code   RO         1434    i.TIM_TI1_ConfigInputStage  stm32f4xx_hal_tim.o
    0x080046ce   0x080046ce   0x00000028   Code   RO         1436    i.TIM_TI2_ConfigInputStage  stm32f4xx_hal_tim.o
    0x080046f6   0x080046f6   0x00000012   Code   RO         4643    i.UART_DMAAbortOnError  stm32f4xx_hal_uart.o
    0x08004708   0x08004708   0x0000006c   Code   RO         4653    i.UART_EndRxTransfer  stm32f4xx_hal_uart.o
    0x08004774   0x08004774   0x00000020   Code   RO         4654    i.UART_EndTransmit_IT  stm32f4xx_hal_uart.o
    0x08004794   0x08004794   0x000000fc   Code   RO         4656    i.UART_Receive_IT   stm32f4xx_hal_uart.o
    0x08004890   0x08004890   0x0000022c   Code   RO         4657    i.UART_SetConfig    stm32f4xx_hal_uart.o
    0x08004abc   0x08004abc   0x00000060   Code   RO         4660    i.UART_Transmit_IT  stm32f4xx_hal_uart.o
    0x08004b1c   0x08004b1c   0x0000008c   Code   RO         4661    i.UART_WaitOnFlagUntilTimeout  stm32f4xx_hal_uart.o
    0x08004ba8   0x08004ba8   0x00000010   Code   RO         1189    i.USART1_IRQHandler  stm32f4xx_it.o
    0x08004bb8   0x08004bb8   0x00000004   Code   RO         1190    i.UsageFault_Handler  stm32f4xx_it.o
    0x08004bbc   0x08004bbc   0x00000020   Code   RO         6583    i.__0printf         mc_w.l(printfa.o)
    0x08004bdc   0x08004bdc   0x00000030   Code   RO         6698    i.__ARM_fpclassify  m_wm.l(fpclassify.o)
    0x08004c0c   0x08004c0c   0x00000010   Code   RO         3388    i.__NVIC_GetPriorityGrouping  stm32f4xx_hal_cortex.o
    0x08004c1c   0x08004c1c   0x00000028   Code   RO         3389    i.__NVIC_SetPriority  stm32f4xx_hal_cortex.o
    0x08004c44   0x08004c44   0x00000004   PAD
    0x08004c48   0x08004c48   0x000000c8   Code   RO         6325    i.__hardfp_sin      m_wm.l(sin.o)
    0x08004d10   0x08004d10   0x00000438   Code   RO         6640    i.__ieee754_rem_pio2  m_wm.l(rred.o)
    0x08005148   0x08005148   0x00000170   Code   RO         6623    i.__kernel_cos      m_wm.l(cos_i.o)
    0x080052b8   0x080052b8   0x000000f8   Code   RO         6700    i.__kernel_poly     m_wm.l(poly.o)
    0x080053b0   0x080053b0   0x00000130   Code   RO         6645    i.__kernel_sin      m_wm.l(sin_i.o)
    0x080054e0   0x080054e0   0x00000014   Code   RO         6627    i.__mathlib_dbl_infnan  m_wm.l(dunder.o)
    0x080054f4   0x080054f4   0x00000004   PAD
    0x080054f8   0x080054f8   0x00000020   Code   RO         6629    i.__mathlib_dbl_invalid  m_wm.l(dunder.o)
    0x08005518   0x08005518   0x00000020   Code   RO         6632    i.__mathlib_dbl_underflow  m_wm.l(dunder.o)
    0x08005538   0x08005538   0x0000000e   Code   RO         6712    i.__scatterload_copy  mc_w.l(handlers.o)
    0x08005546   0x08005546   0x00000002   Code   RO         6713    i.__scatterload_null  mc_w.l(handlers.o)
    0x08005548   0x08005548   0x0000000e   Code   RO         6714    i.__scatterload_zeroinit  mc_w.l(handlers.o)
    0x08005556   0x08005556   0x00000002   PAD
    0x08005558   0x08005558   0x0000000c   Code   RO         6676    i.__set_errno       mc_w.l(errno.o)
    0x08005564   0x08005564   0x00000184   Code   RO         6590    i._fp_digits        mc_w.l(printfa.o)
    0x080056e8   0x080056e8   0x000006dc   Code   RO         6591    i._printf_core      mc_w.l(printfa.o)
    0x08005dc4   0x08005dc4   0x00000024   Code   RO         6592    i._printf_post_padding  mc_w.l(printfa.o)
    0x08005de8   0x08005de8   0x0000002e   Code   RO         6593    i._printf_pre_padding  mc_w.l(printfa.o)
    0x08005e16   0x08005e16   0x0000000c   Code   RO          350    i.delay_ms          delay.o
    0x08005e22   0x08005e22   0x00000018   Code   RO         6694    i.fabs              m_wm.l(fabs.o)
    0x08005e3a   0x08005e3a   0x00000002   PAD
    0x08005e3c   0x08005e3c   0x0000001c   Code   RO          772    i.fputc             main.o
    0x08005e58   0x08005e58   0x00000010   Code   RO         5812    i.inHandlerMode     cmsis_os.o
    0x08005e68   0x08005e68   0x00000324   Code   RO          773    i.main              main.o
    0x0800618c   0x0800618c   0x0000000e   Code   RO         5814    i.makeFreeRtosPriority  cmsis_os.o
    0x0800619a   0x0800619a   0x00000018   Code   RO         5816    i.osDelay           cmsis_os.o
    0x080061b2   0x080061b2   0x0000000a   Code   RO         5819    i.osKernelStart     cmsis_os.o
    0x080061bc   0x080061bc   0x00000014   Code   RO         5820    i.osKernelSysTick   cmsis_os.o
    0x080061d0   0x080061d0   0x0000005e   Code   RO         5853    i.osThreadCreate    cmsis_os.o
    0x0800622e   0x0800622e   0x00000002   PAD
    0x08006230   0x08006230   0x00000098   Code   RO         5485    i.prvAddCurrentTaskToDelayedList  tasks.o
    0x080062c8   0x080062c8   0x000000b4   Code   RO         5486    i.prvAddNewTaskToReadyList  tasks.o
    0x0800637c   0x0800637c   0x00000048   Code   RO         5487    i.prvCheckTasksWaitingTermination  tasks.o
    0x080063c4   0x080063c4   0x00000050   Code   RO         5488    i.prvDeleteTCB      tasks.o
    0x08006414   0x08006414   0x0000007c   Code   RO         6181    i.prvHeapInit       heap_4.o
    0x08006490   0x08006490   0x00000028   Code   RO         5489    i.prvIdleTask       tasks.o
    0x080064b8   0x080064b8   0x000000b4   Code   RO         5490    i.prvInitialiseNewTask  tasks.o
    0x0800656c   0x0800656c   0x00000068   Code   RO         5491    i.prvInitialiseTaskLists  tasks.o
    0x080065d4   0x080065d4   0x00000068   Code   RO         6182    i.prvInsertBlockIntoFreeList  heap_4.o
    0x0800663c   0x0800663c   0x00000034   Code   RO         5492    i.prvResetNextTaskUnblockTime  tasks.o
    0x08006670   0x08006670   0x00000040   Code   RO         6250    i.prvTaskExitError  port.o
    0x080066b0   0x080066b0   0x0000014c   Code   RO         6183    i.pvPortMalloc      heap_4.o
    0x080067fc   0x080067fc   0x0000002c   Code   RO         6251    i.pxPortInitialiseStack  port.o
    0x08006828   0x08006828   0x00000028   Code   RO         5111    i.uxListRemove      list.o
    0x08006850   0x08006850   0x00000018   Code   RO          908    i.vApplicationGetIdleTaskMemory  freertos.o
    0x08006868   0x08006868   0x0000001a   Code   RO         5112    i.vListInitialise   list.o
    0x08006882   0x08006882   0x00000006   Code   RO         5113    i.vListInitialiseItem  list.o
    0x08006888   0x08006888   0x00000034   Code   RO         5114    i.vListInsert       list.o
    0x080068bc   0x080068bc   0x00000018   Code   RO         5115    i.vListInsertEnd    list.o
    0x080068d4   0x080068d4   0x00000054   Code   RO         6253    i.vPortEnterCritical  port.o
    0x08006928   0x08006928   0x0000003c   Code   RO         6254    i.vPortExitCritical  port.o
    0x08006964   0x08006964   0x000000a4   Code   RO         6184    i.vPortFree         heap_4.o
    0x08006a08   0x08006a08   0x00000028   Code   RO         6255    i.vPortSetupTimerInterrupt  port.o
    0x08006a30   0x08006a30   0x00000078   Code   RO         6256    i.vPortValidateInterruptPriority  port.o
    0x08006aa8   0x08006aa8   0x0000005c   Code   RO         5501    i.vTaskDelay        tasks.o
    0x08006b04   0x08006b04   0x000000b0   Code   RO         5514    i.vTaskStartScheduler  tasks.o
    0x08006bb4   0x08006bb4   0x00000010   Code   RO         5516    i.vTaskSuspendAll   tasks.o
    0x08006bc4   0x08006bc4   0x0000008c   Code   RO         5517    i.vTaskSwitchContext  tasks.o
    0x08006c50   0x08006c50   0x00000168   Code   RO         6257    i.xPortStartScheduler  port.o
    0x08006db8   0x08006db8   0x00000064   Code   RO         5520    i.xTaskCreate       tasks.o
    0x08006e1c   0x08006e1c   0x000000ba   Code   RO         5521    i.xTaskCreateStatic  tasks.o
    0x08006ed6   0x08006ed6   0x00000002   PAD
    0x08006ed8   0x08006ed8   0x0000000c   Code   RO         5526    i.xTaskGetTickCount  tasks.o
    0x08006ee4   0x08006ee4   0x00000014   Code   RO         5527    i.xTaskGetTickCountFromISR  tasks.o
    0x08006ef8   0x08006ef8   0x00000148   Code   RO         5528    i.xTaskIncrementTick  tasks.o
    0x08007040   0x08007040   0x00000104   Code   RO         5534    i.xTaskResumeAll    tasks.o
    0x08007144   0x08007144   0x00000018   Data   RO          684    .constdata          rgb_led.o
    0x0800715c   0x0800715c   0x00000078   Data   RO          910    .constdata          freertos.o
    0x080071d4   0x080071d4   0x00000018   Data   RO         4975    .constdata          system_stm32f4xx.o
    0x080071ec   0x080071ec   0x00000004   PAD
    0x080071f0   0x080071f0   0x00000030   Data   RO         6624    .constdata          m_wm.l(cos_i.o)
    0x08007220   0x08007220   0x000000c8   Data   RO         6642    .constdata          m_wm.l(rred.o)
    0x080072e8   0x080072e8   0x00000028   Data   RO         6646    .constdata          m_wm.l(sin_i.o)
    0x08007310   0x08007310   0x0000005d   Data   RO          685    .conststring        rgb_led.o
    0x0800736d   0x0800736d   0x00000003   PAD
    0x08007370   0x08007370   0x0000007c   Data   RO          911    .conststring        freertos.o
    0x080073ec   0x080073ec   0x00000020   Data   RO         6710    Region$$Table       anon$$obj.o


    Execution Region RW_IRAM1 (Exec base: 0x20000000, Load base: 0x0800740c, Size: 0x00004600, Max: 0x0001c000, ABSOLUTE)

    Exec Addr    Load Addr    Size         Type   Attr      Idx    E Section Name        Object

    0x20000000   0x0800740c   0x0000000c   Data   RW          686    .data               rgb_led.o
    0x2000000c   0x08007418   0x0000000c   Data   RW          912    .data               freertos.o
    0x20000018   0x08007424   0x00000009   Data   RW         3552    .data               stm32f4xx_hal.o
    0x20000021   0x0800742d   0x00000003   PAD
    0x20000024   0x08007430   0x00000004   Data   RW         4976    .data               system_stm32f4xx.o
    0x20000028   0x08007434   0x0000003c   Data   RW         5537    .data               tasks.o
    0x20000064   0x08007470   0x00000020   Data   RW         6190    .data               heap_4.o
    0x20000084   0x08007490   0x0000000c   Data   RW         6258    .data               port.o
    0x20000090   0x0800749c   0x00000004   Data   RW         6665    .data               mc_w.l(stdout.o)
    0x20000094   0x080074a0   0x00000004   Data   RW         6677    .data               mc_w.l(errno.o)
    0x20000098        -       0x00000010   Zero   RW          683    .bss                rgb_led.o
    0x200000a8        -       0x00000254   Zero   RW          909    .bss                freertos.o
    0x200002fc        -       0x00000048   Zero   RW          969    .bss                adc.o
    0x20000344        -       0x00000054   Zero   RW         1011    .bss                i2c.o
    0x20000398        -       0x00000058   Zero   RW         1053    .bss                spi.o
    0x200003f0        -       0x00000090   Zero   RW         1096    .bss                tim.o
    0x20000480        -       0x00000048   Zero   RW         1143    .bss                usart.o
    0x200004c8        -       0x00000048   Zero   RW         1285    .bss                stm32f4xx_hal_timebase_tim.o
    0x20000510        -       0x000000f0   Zero   RW         5536    .bss                tasks.o
    0x20000600        -       0x00003c00   Zero   RW         6189    .bss                heap_4.o
    0x20004200        -       0x00000400   Zero   RW            1    STACK               startup_stm32f407xx.o


    Execution Region RW_IRAM2 (Exec base: 0x2001c000, Load base: 0x080074a4, Size: 0x00000000, Max: 0x00004000, ABSOLUTE)

    **** No section assigned to this execution region ****


==============================================================================

Image component sizes


      Code (inc. data)   RO Data    RW Data    ZI Data      Debug   Object Name

       240         28          0          0         72       1701   adc.o
       178          0          0          0          0      29477   cmsis_os.o
       100         14          0          0          0       1299   cst816.o
        12          0          0          0          0        507   delay.o
       490         36          0          0          0     726012   dht11.o
         0          0          0          0          0      16880   event_groups.o
       682        184        244         12        596       4384   freertos.o
       480         24          0          0          0       1187   gpio.o
       724         74          0         32      15360       7391   heap_4.o
       196         26          0          0         84       1641   i2c.o
         2          0          0          0          0        758   iic_hal_hard.o
       160         14          0          0          0        955   lcd.o
       596         24          0          0          0       3494   lcd_init.o
       148          0          0          0          0       3542   list.o
      1054        382          0          0          0      35524   main.o
      1014         92          0         12          0      11985   port.o
      1260        402        117         12         16       8472   rgb_led.o
       204         24          0          0         88       1653   spi.o
        36          8        392          0       1024        832   startup_stm32f407xx.o
       136         24          0          9          0       8702   stm32f4xx_hal.o
      1398         52          0          0          0       5114   stm32f4xx_hal_adc.o
       260         22          0          0          0      33534   stm32f4xx_hal_cortex.o
       402          0          0          0          0       3594   stm32f4xx_hal_dma.o
       528         46          0          0          0       2767   stm32f4xx_hal_gpio.o
       464         18          0          0          0       2139   stm32f4xx_hal_i2c_1.o
        84          6          0          0          0        854   stm32f4xx_hal_msp.o
      1888         94          0          0          0       6261   stm32f4xx_hal_rcc.o
      1438         26          0          0          0       8843   stm32f4xx_hal_spi_1.o
      2358        142          0          0          0      16472   stm32f4xx_hal_tim.o
       184         30          0          0          0       2513   stm32f4xx_hal_tim_ex.o
       160         20          0          0         72       1423   stm32f4xx_hal_timebase_tim.o
      2294         14          0          0          0      11552   stm32f4xx_hal_uart.o
        70         18          0          0          0       4278   stm32f4xx_it.o
         0          0          0          0          0        392   stream_buffer.o
        20          6         24          4          0       1115   system_stm32f4xx.o
      2190        280          0         60        240      21580   tasks.o
       432         30          0          0        144       2491   tim.o
       208         22          0          0         72       1690   usart.o

    ----------------------------------------------------------------------
     22128       2186        816        144      17768     993008   Object Totals
         0          0         32          0          0          0   (incl. Generated)
        38          4          7          3          0          0   (incl. Padding)

    ----------------------------------------------------------------------

      Code (inc. data)   RO Data    RW Data    ZI Data      Debug   Library Member Name

       368         46         48          0          0        200   cos_i.o
        84         16          0          0          0        372   dunder.o
        24          0          0          0          0        124   fabs.o
        48          0          0          0          0        124   fpclassify.o
       248          0          0          0          0        152   poly.o
      1080        142        200          0          0        188   rred.o
       200         20          0          0          0        164   sin.o
       304         24         40          0          0        208   sin_i.o
         0          0          0          0          0          0   entry.o
         0          0          0          0          0          0   entry10a.o
         0          0          0          0          0          0   entry11a.o
         8          4          0          0          0          0   entry2.o
         4          0          0          0          0          0   entry5.o
         0          0          0          0          0          0   entry7b.o
         0          0          0          0          0          0   entry8b.o
         8          4          0          0          0          0   entry9a.o
        12          6          0          4          0         68   errno.o
        30          0          0          0          0          0   handlers.o
        36          8          0          0          0         68   init.o
         0          0          0          0          0          0   iusefp.o
        30          0          0          0          0         68   llshl.o
        36          0          0          0          0         68   llsshr.o
        32          0          0          0          0         68   llushr.o
        36          0          0          0          0         68   memcpya.o
        36          0          0          0          0        108   memseta.o
      2258         90          0          0          0        452   printfa.o
         0          0          0          4          0          0   stdout.o
        44          0          0          0          0         80   uidiv.o
        98          0          0          0          0         92   uldiv.o
        48          0          0          0          0         68   cdrcmple.o
        56          0          0          0          0         88   d2f.o
       334          0          0          0          0        148   dadd.o
       222          0          0          0          0        100   ddiv.o
       186          0          0          0          0        176   depilogue.o
        62          0          0          0          0         80   dfixi.o
        50          0          0          0          0         76   dfixui.o
        48          0          0          0          0         68   dfixul.o
        34          0          0          0          0         76   dflti.o
        26          0          0          0          0         76   dfltui.o
       228          0          0          0          0         96   dmul.o
        38          0          0          0          0         68   f2d.o
       110          0          0          0          0        168   fepilogue.o

    ----------------------------------------------------------------------
      6476        360        288          8          0       3960   Library Totals
        10          0          0          0          0          0   (incl. Padding)

    ----------------------------------------------------------------------

      Code (inc. data)   RO Data    RW Data    ZI Data      Debug   Library Name

      2356        248        288          0          0       1532   m_wm.l
      2668        112          0          8          0       1140   mc_w.l
      1442          0          0          0          0       1288   mf_w.l

    ----------------------------------------------------------------------
      6476        360        288          8          0       3960   Library Totals

    ----------------------------------------------------------------------

==============================================================================


      Code (inc. data)   RO Data    RW Data    ZI Data      Debug   

     28604       2546       1104        152      17768     977124   Grand Totals
     28604       2546       1104        152      17768     977124   ELF Image Totals
     28604       2546       1104        152          0          0   ROM Totals

==============================================================================

    Total RO  Size (Code + RO Data)                29708 (  29.01kB)
    Total RW  Size (RW Data + ZI Data)             17920 (  17.50kB)
    Total ROM Size (Code + RO Data + RW Data)      29860 (  29.16kB)

==============================================================================

