<html>
<body>
<pre>
<h1>µVision Build Log</h1>
<h2>Tool Versions:</h2>
IDE-Version: ¦ÌVision V5.28.0.0
Copyright (C) 2019 ARM Ltd and ARM Germany GmbH. All rights reserved.
License Information: xie xie, mmw, LIC=8VRJ7-EH0VK-UHB8H-WAVR3-ARN75-21XT9
 
Tool Versions:
Toolchain:       MDK-ARM Plus  Version: 5.28.0.0
Toolchain Path:  D:\Keil5Mdk\ARM\ARMCC\Bin
C Compiler:      Armcc.exe V5.06 update 6 (build 750)
Assembler:       Armasm.exe V5.06 update 6 (build 750)
Linker/Locator:  ArmLink.exe V5.06 update 6 (build 750)
Library Manager: ArmAr.exe V5.06 update 6 (build 750)
Hex Converter:   FromElf.exe V5.06 update 6 (build 750)
CPU DLL:         SARMCM3.DLL V5.28.0.0
Dialog DLL:      DCM.DLL V1.17.3.0
Target DLL:      Segger\JL2CM3.dll V2.99.36.0
Dialog DLL:      TCM.DLL V1.36.2.0
 
<h2>Project:</h2>
C:\E_Dev\Stm32Dev\STM32_MMW_LIGHT\MDK-ARM\STM32_MMW_LIGHT.uvprojx
Project File Date:  06/26/2025

<h2>Output:</h2>
*** Using Compiler 'V5.06 update 6 (build 750)', folder: 'D:\Keil5Mdk\ARM\ARMCC\Bin'
Rebuild target 'STM32_MMW_LIGHT'
assembling startup_stm32f407xx.s...
compiling dht11.c...
../Core/Inc/dht11.h(27): warning:  #1-D: last line of file ends without a newline
  #endif /* __DHT11_H */ 
..\Core\Src\dht11.c(108): warning:  #177-D: variable "retry_high"  was declared but never referenced
      uint8_t retry_low, retry_high;
..\Core\Src\dht11.c(176): warning:  #1-D: last line of file ends without a newline
  } 
..\Core\Src\dht11.c: 3 warnings, 0 errors
compiling CST816.c...
..\Core\Src\CST816.c(327): warning:  #1-D: last line of file ends without a newline
  }
..\Core\Src\CST816.c: 1 warning, 0 errors
compiling i2c.c...
compiling gpio.c...
compiling delay.c...
..\Core\Src\delay.c(54): warning:  #1-D: last line of file ends without a newline
  }
..\Core\Src\delay.c(7): warning:  #550-D: variable "ms"  was set but never used
  static uint16_t ms=0;
..\Core\Src\delay.c: 2 warnings, 0 errors
compiling lcd_init.c...
compiling lcd.c...
..\Core\Src\lcd.c(22): warning:  #177-D: variable "color_buf"  was declared but never referenced
      uint16_t color_buf[1] = {color};
..\Core\Src\lcd.c(23): warning:  #177-D: variable "num"  was declared but never referenced
      uint32_t num = (xend - xsta) * (yend - ysta);
..\Core\Src\lcd.c(24): warning:  #177-D: variable "chunk_size"  was declared but never referenced
      uint32_t chunk_size;
..\Core\Src\lcd.c(25): warning:  #177-D: variable "first_chunk"  was declared but never referenced
      uint8_t first_chunk = 1;
..\Core\Src\lcd.c: 4 warnings, 0 errors
compiling adc.c...
compiling main.c...
../Core/Inc/dht11.h(27): warning:  #1-D: last line of file ends without a newline
  #endif /* __DHT11_H */ 
../Core/Inc/ws2812b.h(56): warning:  #1-D: last line of file ends without a newline
  #endif /* __WS2812B_H */ 
../Core/Src/main.c(122): warning:  #111-D: statement is unreachable
    LCD_Init();
../Core/Src/main.c(322): warning:  #69-D: integer conversion resulted in truncation
      LCD_ShowIntNum(10, 100, 67890, 5, YELLOW, BLACK, 16);
../Core/Src/main.c: 4 warnings, 0 errors
compiling iic_hal_hard.c...
compiling freertos.c...
../Core/Inc/ws2812b.h(56): warning:  #1-D: last line of file ends without a newline
  #endif /* __WS2812B_H */ 
../Core/Inc/dht11.h(27): warning:  #1-D: last line of file ends without a newline
  #endif /* __DHT11_H */ 
../Core/Src/freertos.c(61): warning:  #47-D: incompatible redefinition of macro "BTN_WIDTH"  (declared at line 63 of "../Core/Inc/lcd.h")
  #define BTN_WIDTH 90
../Core/Src/freertos.c(62): warning:  #47-D: incompatible redefinition of macro "BTN_HEIGHT"  (declared at line 64 of "../Core/Inc/lcd.h")
  #define BTN_HEIGHT 35
../Core/Src/freertos.c(327): warning:  #223-D: function "Get_ADC_Value" declared implicitly
      uint16_t adc_value = Get_ADC_Value();
../Core/Src/freertos.c(362): warning:  #177-D: variable "dht11_success_count"  was declared but never referenced
    uint8_t dht11_success_count = 0;
../Core/Src/freertos.c: 6 warnings, 0 errors
compiling stm32f4xx_hal_msp.c...
compiling stm32f4xx_ll_adc.c...
compiling usart.c...
compiling ws2812b.c...
../Core/Inc/ws2812b.h(56): warning:  #1-D: last line of file ends without a newline
  #endif /* __WS2812B_H */ 
..\Core\Src\ws2812b.c(312): warning:  #223-D: function "lv_tick_inc" declared implicitly
          lv_tick_inc(1);
..\Core\Src\ws2812b.c(322): warning:  #1-D: last line of file ends without a newline
  // } 
..\Core\Src\ws2812b.c(60): warning:  #177-D: function "WS2812B_DMA_Init"  was declared but never referenced
  static void WS2812B_DMA_Init(void)
..\Core\Src\ws2812b.c(44): warning:  #177-D: function "WS2812B_GPIO_Init"  was declared but never referenced
  static void WS2812B_GPIO_Init(void)
..\Core\Src\ws2812b.c(89): warning:  #177-D: function "WS2812B_TIM4_Init"  was declared but never referenced
  static void WS2812B_TIM4_Init(void)
..\Core\Src\ws2812b.c: 6 warnings, 0 errors
compiling spi.c...
compiling stm32f4xx_hal_adc.c...
compiling stm32f4xx_it.c...
compiling stm32f4xx_hal_timebase_tim.c...
compiling tim.c...
compiling stm32f4xx_hal_tim_ex.c...
compiling stm32f4xx_hal_tim.c...
compiling stm32f4xx_hal_adc_ex.c...
compiling stm32f4xx_hal_pwr.c...
compiling stm32f4xx_hal_rcc.c...
compiling stm32f4xx_hal_gpio.c...
compiling stm32f4xx_hal_flash.c...
compiling stm32f4xx_hal_rcc_ex.c...
compiling stm32f4xx_hal_pwr_ex.c...
compiling stm32f4xx_hal_dma.c...
compiling stm32f4xx_hal_flash_ramfunc.c...
compiling croutine.c...
compiling event_groups.c...
compiling stm32f4xx_hal_flash_ex.c...
compiling list.c...
compiling queue.c...
compiling stream_buffer.c...
compiling stm32f4xx_hal_dma_ex.c...
compiling tasks.c...
compiling timers.c...
compiling heap_4.c...
compiling cmsis_os.c...
compiling port.c...
compiling lv_port_disp_template.c...
compiling lv_disp.c...
compiling lv_port_indev_template.c...
..\Middlewares\LVGL\GUI\lvgl\examples\porting\lv_port_indev_template.c(342): warning:  #177-D: function "encoder_handler"  was declared but never referenced
  static void encoder_handler(void)
..\Middlewares\LVGL\GUI\lvgl\examples\porting\lv_port_indev_template.c: 1 warning, 0 errors
compiling lv_event.c...
..\Middlewares\LVGL\GUI\lvgl\src\core\lv_event.c(120): warning:  #188-D: enumerated type mixed with another type
      return e->code & ~LV_EVENT_PREPROCESS;
..\Middlewares\LVGL\GUI\lvgl\src\core\lv_event.c: 1 warning, 0 errors
compiling lv_group.c...
compiling lv_indev.c...
compiling lv_indev_scroll.c...
compiling lv_obj.c...
compiling lv_obj_class.c...
compiling lv_obj_draw.c...
compiling lv_obj_scroll.c...
compiling lv_obj_pos.c...
compiling lv_obj_style.c...
compiling stm32f4xx_hal_cortex.c...
compiling lv_obj_tree.c...
compiling lv_obj_style_gen.c...
compiling lv_refr.c...
compiling lv_draw.c...
compiling lv_draw_arc.c...
compiling lv_theme.c...
compiling lv_draw_img.c...
compiling lv_draw_label.c...
compiling system_stm32f4xx.c...
compiling lv_draw_line.c...
compiling stm32f4xx_hal_i2c.c...
compiling lv_draw_rect.c...
compiling lv_draw_mask.c...
compiling stm32f4xx_hal_uart.c...
compiling lv_draw_triangle.c...
compiling lv_img_cache.c...
compiling lv_img_decoder.c...
compiling lv_draw_sw.c...
compiling lv_img_buf.c...
compiling lv_draw_sw_arc.c...
compiling lv_draw_sw_dither.c...
compiling lv_draw_sw_gradient.c...
compiling lv_draw_sw_blend.c...
compiling stm32f4xx_hal_i2c_ex.c...
compiling lv_draw_sw_img.c...
compiling stm32f4xx_hal.c...
compiling lv_draw_sw_line.c...
compiling lv_draw_sw_letter.c...
compiling lv_draw_sw_polygon.c...
compiling stm32f4xx_hal_exti.c...
compiling lv_extra.c...
compiling lv_flex.c...
..\Middlewares\LVGL\GUI\lvgl\src\extra\layouts\flex\lv_flex.c(97): warning:  #188-D: enumerated type mixed with another type
      LV_STYLE_FLEX_MAIN_PLACE = lv_style_register_prop() | LV_STYLE_PROP_LAYOUT_REFR;
..\Middlewares\LVGL\GUI\lvgl\src\extra\layouts\flex\lv_flex.c(98): warning:  #188-D: enumerated type mixed with another type
      LV_STYLE_FLEX_CROSS_PLACE = lv_style_register_prop() | LV_STYLE_PROP_LAYOUT_REFR;
..\Middlewares\LVGL\GUI\lvgl\src\extra\layouts\flex\lv_flex.c(99): warning:  #188-D: enumerated type mixed with another type
      LV_STYLE_FLEX_TRACK_PLACE = lv_style_register_prop() | LV_STYLE_PROP_LAYOUT_REFR;
..\Middlewares\LVGL\GUI\lvgl\src\extra\layouts\flex\lv_flex.c: 3 warnings, 0 errors
compiling lv_draw_sw_rect.c...
..\Middlewares\LVGL\GUI\lvgl\src\draw\sw\lv_draw_sw_rect.c(239): warning:  #546-D: transfer of control bypasses initialization of:
            variable "mask_any_center"  (declared at line 286)
          goto bg_clean_up;
          ^
..\Middlewares\LVGL\GUI\lvgl\src\draw\sw\lv_draw_sw_rect.c: 1 warning, 0 errors
compiling stm32f4xx_hal_spi.c...
compiling lv_grid.c...
..\Middlewares\LVGL\GUI\lvgl\src\extra\layouts\grid\lv_grid.c(134): warning:  #188-D: enumerated type mixed with another type
      LV_STYLE_GRID_COLUMN_DSC_ARRAY = lv_style_register_prop() | LV_STYLE_PROP_LAYOUT_REFR;
..\Middlewares\LVGL\GUI\lvgl\src\extra\layouts\grid\lv_grid.c(135): warning:  #188-D: enumerated type mixed with another type
      LV_STYLE_GRID_ROW_DSC_ARRAY = lv_style_register_prop() | LV_STYLE_PROP_LAYOUT_REFR;
..\Middlewares\LVGL\GUI\lvgl\src\extra\layouts\grid\lv_grid.c(136): warning:  #188-D: enumerated type mixed with another type
      LV_STYLE_GRID_COLUMN_ALIGN = lv_style_register_prop() | LV_STYLE_PROP_LAYOUT_REFR;
..\Middlewares\LVGL\GUI\lvgl\src\extra\layouts\grid\lv_grid.c(137): warning:  #188-D: enumerated type mixed with another type
      LV_STYLE_GRID_ROW_ALIGN = lv_style_register_prop() | LV_STYLE_PROP_LAYOUT_REFR;
..\Middlewares\LVGL\GUI\lvgl\src\extra\layouts\grid\lv_grid.c(139): warning:  #188-D: enumerated type mixed with another type
      LV_STYLE_GRID_CELL_ROW_SPAN = lv_style_register_prop() | LV_STYLE_PROP_LAYOUT_REFR;
..\Middlewares\LVGL\GUI\lvgl\src\extra\layouts\grid\lv_grid.c(140): warning:  #188-D: enumerated type mixed with another type
      LV_STYLE_GRID_CELL_ROW_POS = lv_style_register_prop() | LV_STYLE_PROP_LAYOUT_REFR;
..\Middlewares\LVGL\GUI\lvgl\src\extra\layouts\grid\lv_grid.c(141): warning:  #188-D: enumerated type mixed with another type
      LV_STYLE_GRID_CELL_COLUMN_SPAN = lv_style_register_prop() | LV_STYLE_PROP_LAYOUT_REFR;
..\Middlewares\LVGL\GUI\lvgl\src\extra\layouts\grid\lv_grid.c(142): warning:  #188-D: enumerated type mixed with another type
      LV_STYLE_GRID_CELL_COLUMN_POS = lv_style_register_prop() | LV_STYLE_PROP_LAYOUT_REFR;
..\Middlewares\LVGL\GUI\lvgl\src\extra\layouts\grid\lv_grid.c(143): warning:  #188-D: enumerated type mixed with another type
      LV_STYLE_GRID_CELL_X_ALIGN = lv_style_register_prop() | LV_STYLE_PROP_LAYOUT_REFR;
..\Middlewares\LVGL\GUI\lvgl\src\extra\layouts\grid\lv_grid.c(144): warning:  #188-D: enumerated type mixed with another type
      LV_STYLE_GRID_CELL_Y_ALIGN = lv_style_register_prop() | LV_STYLE_PROP_LAYOUT_REFR;
..\Middlewares\LVGL\GUI\lvgl\src\extra\layouts\grid\lv_grid.c(589): warning:  #188-D: enumerated type mixed with another type
      lv_grid_align_t col_align = get_cell_col_align(item);
..\Middlewares\LVGL\GUI\lvgl\src\extra\layouts\grid\lv_grid.c(590): warning:  #188-D: enumerated type mixed with another type
      lv_grid_align_t row_align = get_cell_row_align(item);
..\Middlewares\LVGL\GUI\lvgl\src\extra\layouts\grid\lv_grid.c: 12 warnings, 0 errors
compiling lv_gridnav.c...
compiling lv_snapshot.c...
compiling lv_monkey.c...
compiling lv_theme_basic.c...
compiling lv_animimg.c...
compiling lv_theme_mono.c...
compiling lv_calendar_header_dropdown.c...
compiling lv_calendar_header_arrow.c...
compiling lv_calendar.c...
compiling lv_theme_default.c...
..\Middlewares\LVGL\GUI\lvgl\src\extra\themes\default\lv_theme_default.c(213): warning:  #188-D: enumerated type mixed with another type
..\Middlewares\LVGL\GUI\lvgl\src\extra\themes\default\lv_theme_default.c: 1 warning, 0 errors
compiling lv_keyboard.c...
compiling lv_imgbtn.c...
compiling lv_colorwheel.c...
compiling lv_led.c...
compiling lv_chart.c...
compiling lv_list.c...
compiling lv_menu.c...
compiling lv_msgbox.c...
compiling lv_spinbox.c...
compiling lv_meter.c...
compiling lv_span.c...
..\Middlewares\LVGL\GUI\lvgl\src\extra\widgets\span\lv_span.c(881): warning:  #546-D: transfer of control bypasses initialization of:
            variable "align"  (declared at line 885)
              goto Next_line_init;
              ^
..\Middlewares\LVGL\GUI\lvgl\src\extra\widgets\span\lv_span.c: 1 warning, 0 errors
compiling lv_tileview.c...
compiling lv_spinner.c...
compiling lv_tabview.c...
compiling lv_font.c...
compiling lv_win.c...
compiling lv_font_fmt_txt.c...
..\Middlewares\LVGL\GUI\lvgl\src\font\lv_font_fmt_txt.c(137): warning:  #111-D: statement is unreachable
      return NULL;
..\Middlewares\LVGL\GUI\lvgl\src\font\lv_font_fmt_txt.c: 1 warning, 0 errors
compiling lv_font_dejavu_16_persian_hebrew.c...
compiling lv_font_montserrat_8.c...
compiling lv_font_loader.c...
compiling lv_font_montserrat_10.c...
compiling lv_font_montserrat_12.c...
compiling lv_font_montserrat_12_subpx.c...
compiling lv_font_montserrat_14.c...
compiling lv_font_montserrat_16.c...
compiling lv_font_montserrat_18.c...
compiling lv_font_montserrat_20.c...
compiling lv_font_montserrat_22.c...
compiling lv_font_montserrat_24.c...
compiling lv_font_montserrat_26.c...
compiling lv_font_montserrat_28.c...
compiling lv_font_montserrat_28_compressed.c...
compiling lv_font_montserrat_30.c...
compiling lv_font_montserrat_32.c...
compiling lv_font_montserrat_34.c...
compiling lv_font_montserrat_36.c...
compiling lv_font_montserrat_38.c...
compiling lv_font_montserrat_40.c...
compiling lv_font_montserrat_42.c...
compiling lv_font_montserrat_44.c...
compiling lv_font_montserrat_46.c...
compiling lv_font_montserrat_48.c...
compiling lv_font_simsun_16_cjk.c...
compiling lv_font_unscii_8.c...
compiling lv_draw_sdl.c...
compiling lv_font_unscii_16.c...
compiling lv_draw_sdl_bg.c...
compiling lv_draw_sdl_composite.c...
compiling lv_draw_sdl_arc.c...
compiling lv_draw_sdl_img.c...
compiling lv_draw_sdl_label.c...
compiling lv_draw_sdl_line.c...
compiling lv_draw_sdl_mask.c...
compiling lv_draw_sdl_polygon.c...
compiling lv_draw_sdl_rect.c...
compiling lv_draw_sdl_stack_blur.c...
compiling lv_draw_sdl_texture_cache.c...
compiling lv_draw_sdl_utils.c...
compiling lv_gpu_stm32_dma2d.c...
compiling lv_hal_tick.c...
compiling lv_hal_disp.c...
..\Middlewares\LVGL\GUI\lvgl\src\hal\lv_hal_disp.c(573): warning:  #188-D: enumerated type mixed with another type
      return disp->driver->rotated;
..\Middlewares\LVGL\GUI\lvgl\src\hal\lv_hal_disp.c: 1 warning, 0 errors
compiling lv_anim_timeline.c...
compiling lv_anim.c...
compiling lv_hal_indev.c...
compiling lv_bidi.c...
compiling lv_async.c...
compiling lv_color.c...
compiling lv_area.c...
compiling lv_gc.c...
compiling lv_fs.c...
compiling lv_ll.c...
compiling lv_log.c...
compiling lv_math.c...
compiling lv_mem.c...
..\Middlewares\LVGL\GUI\lvgl\src\misc\lv_mem.c(311): warning:  #111-D: statement is unreachable
      return NULL;
..\Middlewares\LVGL\GUI\lvgl\src\misc\lv_mem.c: 1 warning, 0 errors
compiling lv_lru.c...
..\Middlewares\LVGL\GUI\lvgl\src\misc\lv_lru.c(313): warning:  #68-D: integer conversion resulted in a change of sign
      uint32_t i = 0, min_index = -1;
..\Middlewares\LVGL\GUI\lvgl\src\misc\lv_lru.c(314): warning:  #68-D: integer conversion resulted in a change of sign
      uint64_t min_access_count = -1;
..\Middlewares\LVGL\GUI\lvgl\src\misc\lv_lru.c: 2 warnings, 0 errors
compiling lv_printf.c...
compiling lv_style.c...
..\Middlewares\LVGL\GUI\lvgl\src\misc\lv_style.c(74): warning:  #188-D: enumerated type mixed with another type
      return act_id;
..\Middlewares\LVGL\GUI\lvgl\src\misc\lv_style.c: 1 warning, 0 errors
compiling lv_templ.c...
compiling lv_timer.c...
compiling lv_style_gen.c...
compiling lv_txt_ap.c...
compiling lv_txt.c...
compiling lv_tlsf.c...
..\Middlewares\LVGL\GUI\lvgl\src\misc\lv_tlsf.c(898): warning:  #68-D: integer conversion resulted in a change of sign
          offset_to_block(pool, -(int)block_header_overhead);
..\Middlewares\LVGL\GUI\lvgl\src\misc\lv_tlsf.c(1000): warning:  #68-D: integer conversion resulted in a change of sign
      block = offset_to_block(mem, -(tlsfptr_t)block_header_overhead);
..\Middlewares\LVGL\GUI\lvgl\src\misc\lv_tlsf.c(1018): warning:  #68-D: integer conversion resulted in a change of sign
      block_header_t * block = offset_to_block(pool, -(int)block_header_overhead);
..\Middlewares\LVGL\GUI\lvgl\src\misc\lv_tlsf.c: 3 warnings, 0 errors
compiling lv_utils.c...
compiling lv_arc.c...
compiling lv_bar.c...
compiling lv_btn.c...
compiling lv_objx_templ.c...
compiling lv_checkbox.c...
compiling lv_canvas.c...
compiling lv_line.c...
compiling lv_btnmatrix.c...
compiling lv_img.c...
compiling lv_dropdown.c...
compiling lv_label.c...
compiling lv_roller.c...
compiling lv_slider.c...
compiling lv_switch.c...
compiling lv_table.c...
compiling lv_textarea.c...
linking...
Program Size: Code=199048 RO-data=18428 RW-data=608 ZI-data=19888  
FromELF: creating hex file...
"STM32_MMW_LIGHT\STM32_MMW_LIGHT.axf" - 0 Error(s), 55 Warning(s).

<h2>Software Packages used:</h2>

Package Vendor: ARM
                http://www.keil.com/pack/ARM.CMSIS.5.5.1.pack
                ARM.CMSIS.5.5.1
                CMSIS (Cortex Microcontroller Software Interface Standard)
   * Component: CORE Version: 5.2.0

Package Vendor: Keil
                http://www.keil.com/pack/Keil.STM32F4xx_DFP.2.14.0.pack
                Keil.STM32F4xx_DFP.2.14.0
                STMicroelectronics STM32F4 Series Device Support, Drivers and Examples

<h2>Collection of Component include folders:</h2>
  .\RTE\_STM32_MMW_LIGHT
  D:\Keil5MdkPack\ARM\CMSIS\5.5.1\CMSIS\Core\Include
  D:\Keil5MdkPack\Keil\STM32F4xx_DFP\2.14.0\Drivers\CMSIS\Device\ST\STM32F4xx\Include

<h2>Collection of Component Files used:</h2>

   * Component: ARM::CMSIS:CORE:5.2.0
Build Time Elapsed:  00:00:46
</pre>
</body>
</html>
